2025-06-17 18:27:21,267 - INFO - ⚡ SPEED OPTIMIZATIONS ENABLED for faster training!
2025-06-17 18:27:21,267 - INFO - ============================================================
2025-06-17 18:27:21,282 - INFO - ⚡ FAST Enhanced XRS Data Training Pipeline
2025-06-17 18:27:21,282 - INFO - ============================================================
2025-06-17 18:27:21,282 - INFO - 🚀 Using FAST parameters: max_files=5, sequence_length=128
2025-06-17 18:27:21,287 - INFO - Step 1: Loading and processing XRS data...
2025-06-17 18:27:21,288 - INFO - ⚡ FAST Enhanced XRS data loading from: solar_flare_analysis\data\XRS
2025-06-17 18:27:21,293 - INFO - 🚀 Processing 5 XRS CSV files with optimized settings...
2025-06-17 18:27:21,310 - INFO - Processing file 1/5: 2017_xrsa_xrsb.csv
2025-06-17 18:27:22,174 - INFO -     Sampled 141696 points from 141696 (rate: 0.3)
2025-06-17 18:27:22,260 - INFO -   ✓ Processed 128202 samples
2025-06-17 18:27:22,261 - INFO - Processing file 2/5: 2019_xrsa_xrsb.csv
2025-06-17 18:27:22,674 - INFO -     Sampled 157680 points from 157680 (rate: 0.3)
2025-06-17 18:27:22,757 - INFO -   ✓ Processed 154881 samples
2025-06-17 18:27:22,757 - INFO - Processing file 3/5: 2020_xrsa_xrsb.csv
2025-06-17 18:27:23,190 - INFO -     Sampled 158112 points from 158112 (rate: 0.3)
2025-06-17 18:27:23,257 - INFO -   ✓ Processed 149153 samples
2025-06-17 18:27:23,257 - INFO - Processing file 4/5: 2021_xrsa_xrsb.csv
2025-06-17 18:27:23,704 - INFO -     Sampled 157680 points from 157680 (rate: 0.3)
2025-06-17 18:27:23,772 - INFO -   ✓ Processed 152705 samples
2025-06-17 18:27:23,773 - INFO - Processing file 5/5: 2022_xrsa_xrsb.csv
2025-06-17 18:27:24,210 - INFO -     Sampled 157680 points from 157680 (rate: 0.3)
2025-06-17 18:27:24,279 - INFO -   ✓ Processed 154406 samples
2025-06-17 18:27:24,290 - INFO - ✓ Successfully loaded 739,347 XRS data points from 5 files
2025-06-17 18:27:24,290 - INFO - Applying final preprocessing for ML training...
2025-06-17 18:27:24,362 - INFO - ✓ Data preprocessing completed. Shape: (739347, 2)
2025-06-17 18:27:24,365 - INFO - Step 2: Creating training sequences...
2025-06-17 18:27:24,365 - INFO - Creating sequences: length=128, step=32, data_len=739347
2025-06-17 18:27:26,597 - INFO - ✓ Created 23101 training sequences
2025-06-17 18:27:26,597 - INFO - Step 3: Splitting data for training and validation...
2025-06-17 18:27:26,670 - INFO - Training data: (18480, 128, 2), Validation data: (4621, 128, 2)
2025-06-17 18:27:26,670 - INFO - Flare ratio - Train: 0.644, Val: 0.644
2025-06-17 18:27:26,670 - INFO - Step 4: Training enhanced ML models...
2025-06-17 18:28:12,777 - WARNING - From C:\Users\srabani\Desktop\goesflareenv\.venv\Lib\site-packages\tf_keras\src\losses.py:2976: The name tf.losses.sparse_softmax_cross_entropy is deprecated. Please use tf.compat.v1.losses.sparse_softmax_cross_entropy instead.

2025-06-17 18:28:19,943 - WARNING - From C:\Users\srabani\Desktop\goesflareenv\.venv\Lib\site-packages\tensorflow_probability\python\internal\backend\numpy\_utils.py:48: The name tf.logging.TaskLevelStatusMessage is deprecated. Please use tf.compat.v1.logging.TaskLevelStatusMessage instead.

2025-06-17 18:28:22,289 - WARNING - From C:\Users\srabani\Desktop\goesflareenv\.venv\Lib\site-packages\tensorflow_probability\python\internal\backend\numpy\_utils.py:48: The name tf.control_flow_v2_enabled is deprecated. Please use tf.compat.v1.control_flow_v2_enabled instead.

2025-06-17 18:28:33,346 - ERROR - ✗ Failed to import enhanced models: cannot import name 'MaskedAutoencoderModel' from 'src.ml_models.self_supervised_models' (c:\Users\srabani\Desktop\goesflareenv\solar_flare_analysis\src\ml_models\self_supervised_models.py)
2025-06-17 18:28:33,346 - ERROR - Full traceback: Traceback (most recent call last):
  File "c:\Users\srabani\Desktop\goesflareenv\solar_flare_analysis\enhanced_train_production.py", line 528, in _train_enhanced_models_with_xrs
    from src.ml_models.transformer_flare_model import (
  File "c:\Users\srabani\Desktop\goesflareenv\solar_flare_analysis\src\ml_models\__init__.py", line 35, in <module>
    from .self_supervised_models import (
ImportError: cannot import name 'MaskedAutoencoderModel' from 'src.ml_models.self_supervised_models' (c:\Users\srabani\Desktop\goesflareenv\solar_flare_analysis\src\ml_models\self_supervised_models.py)

2025-06-17 18:28:33,346 - INFO - Using fallback basic models...
2025-06-17 18:28:33,361 - INFO - Training basic FlareDecompositionModel...
2025-06-17 18:32:46,598 - INFO - ✓ Basic model training completed
2025-06-17 18:32:46,598 - INFO - Step 5: Creating visualizations...
2025-06-17 18:32:46,598 - INFO - Creating professional-grade seaborn visualizations...
2025-06-17 18:38:05,927 - ERROR - Critical error in main: Could not interpret value `Complexity` for `x`. An entry with this name does not appear in `data`.
2025-06-17 18:38:06,210 - ERROR - Traceback: Traceback (most recent call last):
  File "c:\Users\srabani\Desktop\goesflareenv\solar_flare_analysis\enhanced_train_production.py", line 1608, in main
    results = trainer.train_with_enhanced_xrs_data(
              ^^^^^^^^^^^^^^^^^^^^^^^^^^^^^^^^^^^^^
  File "c:\Users\srabani\Desktop\goesflareenv\solar_flare_analysis\enhanced_train_production.py", line 514, in train_with_enhanced_xrs_data
    self._create_enhanced_visualizations(X_train, y_train, X_val, y_val, training_results)
  File "c:\Users\srabani\Desktop\goesflareenv\solar_flare_analysis\enhanced_train_production.py", line 914, in _create_enhanced_visualizations
    self._create_complexity_performance_plot(ax9, results, diverging_palette)
  File "c:\Users\srabani\Desktop\goesflareenv\solar_flare_analysis\enhanced_train_production.py", line 1330, in _create_complexity_performance_plot
    sns.scatterplot(data=comp_df, x='Complexity', y='Performance',
  File "C:\Users\srabani\Desktop\goesflareenv\.venv\Lib\site-packages\seaborn\relational.py", line 615, in scatterplot
    p = _ScatterPlotter(
        ^^^^^^^^^^^^^^^^
  File "C:\Users\srabani\Desktop\goesflareenv\.venv\Lib\site-packages\seaborn\relational.py", line 396, in __init__
    super().__init__(data=data, variables=variables)
  File "C:\Users\srabani\Desktop\goesflareenv\.venv\Lib\site-packages\seaborn\_base.py", line 634, in __init__
    self.assign_variables(data, variables)
  File "C:\Users\srabani\Desktop\goesflareenv\.venv\Lib\site-packages\seaborn\_base.py", line 679, in assign_variables
    plot_data = PlotData(data, variables)
                ^^^^^^^^^^^^^^^^^^^^^^^^^
  File "C:\Users\srabani\Desktop\goesflareenv\.venv\Lib\site-packages\seaborn\_core\data.py", line 58, in __init__
    frame, names, ids = self._assign_variables(data, variables)
                        ^^^^^^^^^^^^^^^^^^^^^^^^^^^^^^^^^^^^^^^
  File "C:\Users\srabani\Desktop\goesflareenv\.venv\Lib\site-packages\seaborn\_core\data.py", line 232, in _assign_variables
    raise ValueError(err)
ValueError: Could not interpret value `Complexity` for `x`. An entry with this name does not appear in `data`.

2025-06-17 18:41:32,675 - INFO - ⚡ SPEED OPTIMIZATIONS ENABLED for faster training!
2025-06-17 18:41:32,675 - INFO - ============================================================
2025-06-17 18:41:32,675 - INFO - ⚡ FAST Enhanced XRS Data Training Pipeline
2025-06-17 18:41:32,675 - INFO - ============================================================
2025-06-17 18:41:32,675 - INFO - 🚀 Using FAST parameters: max_files=5, sequence_length=128
2025-06-17 18:41:32,675 - INFO - Step 1: Loading and processing XRS data...
2025-06-17 18:41:32,675 - INFO - ⚡ FAST Enhanced XRS data loading from: solar_flare_analysis\data\XRS
2025-06-17 18:41:32,675 - INFO - 🚀 Processing 5 XRS CSV files with optimized settings...
2025-06-17 18:41:32,675 - INFO - Processing file 1/5: 2017_xrsa_xrsb.csv
2025-06-17 18:41:33,100 - INFO -     Sampled 141696 points from 141696 (rate: 0.3)
2025-06-17 18:41:33,206 - INFO -   ✓ Processed 128202 samples
2025-06-17 18:41:33,206 - INFO - Processing file 2/5: 2019_xrsa_xrsb.csv
2025-06-17 18:41:33,617 - INFO -     Sampled 157680 points from 157680 (rate: 0.3)
2025-06-17 18:41:33,707 - INFO -   ✓ Processed 154881 samples
2025-06-17 18:41:33,707 - INFO - Processing file 3/5: 2020_xrsa_xrsb.csv
2025-06-17 18:41:34,160 - INFO -     Sampled 158112 points from 158112 (rate: 0.3)
2025-06-17 18:41:34,241 - INFO -   ✓ Processed 149153 samples
2025-06-17 18:41:34,241 - INFO - Processing file 4/5: 2021_xrsa_xrsb.csv
2025-06-17 18:41:34,671 - INFO -     Sampled 157680 points from 157680 (rate: 0.3)
2025-06-17 18:41:34,741 - INFO -   ✓ Processed 152705 samples
2025-06-17 18:41:34,741 - INFO - Processing file 5/5: 2022_xrsa_xrsb.csv
2025-06-17 18:41:35,188 - INFO -     Sampled 157680 points from 157680 (rate: 0.3)
2025-06-17 18:41:35,240 - INFO -   ✓ Processed 154406 samples
2025-06-17 18:41:35,255 - INFO - ✓ Successfully loaded 739,347 XRS data points from 5 files
2025-06-17 18:41:35,255 - INFO - Applying final preprocessing for ML training...
2025-06-17 18:41:35,331 - INFO - ✓ Data preprocessing completed. Shape: (739347, 2)
2025-06-17 18:41:35,346 - INFO - Step 2: Creating training sequences...
2025-06-17 18:41:35,346 - INFO - Creating sequences: length=128, step=32, data_len=739347
2025-06-17 18:41:37,611 - INFO - ✓ Created 23101 training sequences
2025-06-17 18:41:37,611 - INFO - Step 3: Splitting data for training and validation...
2025-06-17 18:41:37,688 - INFO - Training data: (18480, 128, 2), Validation data: (4621, 128, 2)
2025-06-17 18:41:37,688 - INFO - Flare ratio - Train: 0.644, Val: 0.644
2025-06-17 18:41:37,688 - INFO - Step 4: Training enhanced ML models...
2025-06-17 18:41:51,937 - WARNING - From C:\Users\srabani\Desktop\goesflareenv\.venv\Lib\site-packages\tf_keras\src\losses.py:2976: The name tf.losses.sparse_softmax_cross_entropy is deprecated. Please use tf.compat.v1.losses.sparse_softmax_cross_entropy instead.

2025-06-17 18:41:55,494 - WARNING - From C:\Users\srabani\Desktop\goesflareenv\.venv\Lib\site-packages\tensorflow_probability\python\internal\backend\numpy\_utils.py:48: The name tf.logging.TaskLevelStatusMessage is deprecated. Please use tf.compat.v1.logging.TaskLevelStatusMessage instead.

2025-06-17 18:41:58,217 - WARNING - From C:\Users\srabani\Desktop\goesflareenv\.venv\Lib\site-packages\tensorflow_probability\python\internal\backend\numpy\_utils.py:48: The name tf.control_flow_v2_enabled is deprecated. Please use tf.compat.v1.control_flow_v2_enabled instead.

2025-06-17 18:42:00,069 - ERROR - ✗ Failed to import enhanced models: cannot import name 'MaskedAutoencoderModel' from 'src.ml_models.self_supervised_models' (C:\Users\srabani\Desktop\goesflareenv\solar_flare_analysis\src\ml_models\self_supervised_models.py)
2025-06-17 18:42:00,069 - ERROR - Full traceback: Traceback (most recent call last):
  File "C:\Users\srabani\Desktop\goesflareenv\solar_flare_analysis\enhanced_train_production.py", line 528, in _train_enhanced_models_with_xrs
    from src.ml_models.transformer_flare_model import (
  File "C:\Users\srabani\Desktop\goesflareenv\solar_flare_analysis\src\ml_models\__init__.py", line 35, in <module>
    from .self_supervised_models import (
ImportError: cannot import name 'MaskedAutoencoderModel' from 'src.ml_models.self_supervised_models' (C:\Users\srabani\Desktop\goesflareenv\solar_flare_analysis\src\ml_models\self_supervised_models.py)

2025-06-17 18:42:00,069 - INFO - Using fallback basic models...
2025-06-17 18:42:00,069 - INFO - Training basic FlareDecompositionModel...
2025-06-17 18:48:03,722 - INFO - ✓ Basic model training completed
2025-06-17 18:48:03,723 - INFO - Step 5: Creating visualizations...
2025-06-17 18:48:03,724 - INFO - Creating professional-grade seaborn visualizations...
2025-06-17 18:54:01,750 - INFO - Available models in results: ['basic_decomposition']
2025-06-17 18:54:01,750 - INFO - Expected models in complexity_map: ['transformer', 'conv_transformer', 'monte_carlo', 'contrastive', 'simple_bayesian', 'graph_neural', 'hybrid_graph_transformer']
2025-06-17 18:54:01,750 - WARNING - No model data available for complexity plot. Creating placeholder.
2025-06-17 18:54:11,248 - INFO - ✓ Professional seaborn visualizations saved to enhanced_output
2025-06-17 18:54:11,248 - INFO - ✓ Training metadata saved to enhanced_output\enhanced_training_metadata.json
2025-06-17 19:38:46,239 - INFO - ⚡ SPEED OPTIMIZATIONS ENABLED for faster training!
2025-06-17 19:38:46,239 - INFO - ============================================================
2025-06-17 19:38:46,239 - INFO - ⚡ FAST Enhanced XRS Data Training Pipeline
2025-06-17 19:38:46,239 - INFO - ============================================================
2025-06-17 19:38:46,239 - INFO - 🚀 Using FAST parameters: max_files=5, sequence_length=128
2025-06-17 19:38:46,239 - INFO - Step 1: Loading and processing XRS data...
2025-06-17 19:38:46,239 - INFO - ⚡ FAST Enhanced XRS data loading from: solar_flare_analysis\data\XRS
2025-06-17 19:38:46,239 - INFO - 🚀 Processing 5 XRS CSV files with optimized settings...
2025-06-17 19:38:46,239 - INFO - Processing file 1/5: 2017_xrsa_xrsb.csv
2025-06-17 19:38:46,738 - INFO -     Sampled 141696 points from 141696 (rate: 0.3)
2025-06-17 19:38:46,805 - INFO -   ✓ Processed 128202 samples
2025-06-17 19:38:46,805 - INFO - Processing file 2/5: 2019_xrsa_xrsb.csv
2025-06-17 19:38:47,255 - INFO -     Sampled 157680 points from 157680 (rate: 0.3)
2025-06-17 19:38:47,338 - INFO -   ✓ Processed 154881 samples
2025-06-17 19:38:47,338 - INFO - Processing file 3/5: 2020_xrsa_xrsb.csv
2025-06-17 19:38:47,837 - INFO -     Sampled 158112 points from 158112 (rate: 0.3)
2025-06-17 19:38:47,932 - INFO -   ✓ Processed 149153 samples
2025-06-17 19:38:47,933 - INFO - Processing file 4/5: 2021_xrsa_xrsb.csv
2025-06-17 19:38:48,420 - INFO -     Sampled 157680 points from 157680 (rate: 0.3)
2025-06-17 19:38:48,502 - INFO -   ✓ Processed 152705 samples
2025-06-17 19:38:48,503 - INFO - Processing file 5/5: 2022_xrsa_xrsb.csv
2025-06-17 19:38:49,003 - INFO -     Sampled 157680 points from 157680 (rate: 0.3)
2025-06-17 19:38:49,086 - INFO -   ✓ Processed 154406 samples
2025-06-17 19:38:49,086 - INFO - ✓ Successfully loaded 739,347 XRS data points from 5 files
2025-06-17 19:38:49,086 - INFO - Applying final preprocessing for ML training...
2025-06-17 19:38:49,170 - INFO - ✓ Data preprocessing completed. Shape: (739347, 2)
2025-06-17 19:38:49,170 - INFO - Step 2: Creating training sequences...
2025-06-17 19:38:49,170 - INFO - Creating sequences: length=128, step=32, data_len=739347
2025-06-17 19:38:51,717 - INFO - ✓ Created 23101 training sequences
2025-06-17 19:38:51,717 - INFO - Step 3: Splitting data for training and validation...
2025-06-17 19:38:51,788 - INFO - Training data: (18480, 128, 2), Validation data: (4621, 128, 2)
2025-06-17 19:38:51,788 - INFO - Flare ratio - Train: 0.644, Val: 0.644
2025-06-17 19:38:51,788 - INFO - Step 4: Training enhanced ML models...
2025-06-17 19:39:05,373 - WARNING - From C:\Users\srabani\Desktop\goesflareenv\.venv\Lib\site-packages\tf_keras\src\losses.py:2976: The name tf.losses.sparse_softmax_cross_entropy is deprecated. Please use tf.compat.v1.losses.sparse_softmax_cross_entropy instead.

2025-06-17 19:39:09,153 - WARNING - From C:\Users\srabani\Desktop\goesflareenv\.venv\Lib\site-packages\tensorflow_probability\python\internal\backend\numpy\_utils.py:48: The name tf.logging.TaskLevelStatusMessage is deprecated. Please use tf.compat.v1.logging.TaskLevelStatusMessage instead.

2025-06-17 19:39:12,051 - WARNING - From C:\Users\srabani\Desktop\goesflareenv\.venv\Lib\site-packages\tensorflow_probability\python\internal\backend\numpy\_utils.py:48: The name tf.control_flow_v2_enabled is deprecated. Please use tf.compat.v1.control_flow_v2_enabled instead.

2025-06-17 19:39:14,116 - ERROR - ✗ Failed to import enhanced models: cannot import name 'MaskedAutoencoderModel' from 'src.ml_models.self_supervised_models' (C:\Users\srabani\Desktop\goesflareenv\solar_flare_analysis\src\ml_models\self_supervised_models.py)
2025-06-17 19:39:14,116 - ERROR - Full traceback: Traceback (most recent call last):
  File "C:\Users\srabani\Desktop\goesflareenv\solar_flare_analysis\enhanced_train_production.py", line 528, in _train_enhanced_models_with_xrs
    from src.ml_models.transformer_flare_model import (
  File "C:\Users\srabani\Desktop\goesflareenv\solar_flare_analysis\src\ml_models\__init__.py", line 35, in <module>
    from .self_supervised_models import (
ImportError: cannot import name 'MaskedAutoencoderModel' from 'src.ml_models.self_supervised_models' (C:\Users\srabani\Desktop\goesflareenv\solar_flare_analysis\src\ml_models\self_supervised_models.py)

2025-06-17 19:39:14,116 - INFO - Using fallback basic models...
2025-06-17 19:39:14,116 - INFO - Training basic FlareDecompositionModel...
2025-06-17 19:45:18,601 - INFO - ✓ Basic model training completed
2025-06-17 19:45:18,601 - INFO - Step 5: Creating visualizations...
2025-06-17 19:45:18,617 - INFO - Creating professional-grade seaborn visualizations...
2025-06-17 19:51:07,306 - INFO - Available models in results: ['basic_decomposition']
2025-06-17 19:51:07,306 - INFO - Expected models in complexity_map: ['transformer', 'conv_transformer', 'monte_carlo', 'contrastive', 'simple_bayesian', 'graph_neural', 'hybrid_graph_transformer']
2025-06-17 19:51:07,306 - WARNING - No model data available for complexity plot. Creating placeholder.
2025-06-17 19:51:16,810 - INFO - ✓ Professional seaborn visualizations saved to enhanced_output
2025-06-17 19:51:16,822 - INFO - ✓ Training metadata saved to enhanced_output\enhanced_training_metadata.json
2025-06-17 19:56:13,584 - INFO - ============================================================
2025-06-17 19:56:13,584 - INFO - Enhanced XRS Data Training Pipeline
2025-06-17 19:56:13,584 - INFO - ============================================================
2025-06-17 19:56:13,584 - INFO - Step 1: Loading and processing XRS data...
2025-06-17 19:56:13,584 - INFO - Enhanced XRS data loading from: solar_flare_analysis\data\XRS
2025-06-17 19:56:13,584 - INFO - Processing 5 XRS CSV files...
2025-06-17 19:56:13,584 - INFO - Processing file 1/5: 2017_xrsa_xrsb.csv
2025-06-17 19:56:14,079 - INFO -     Sampled 330624 points from 330624 (rate: 0.7)
2025-06-17 19:56:14,191 - INFO -   ✓ Processed 298922 samples
2025-06-17 19:56:14,206 - INFO - Processing file 2/5: 2019_xrsa_xrsb.csv
2025-06-17 19:56:14,627 - INFO -     Sampled 367920 points from 367920 (rate: 0.7)
2025-06-17 19:56:14,773 - INFO -   ✓ Processed 361337 samples
2025-06-17 19:56:14,773 - INFO - Processing file 3/5: 2020_xrsa_xrsb.csv
2025-06-17 19:56:15,299 - INFO -     Sampled 368928 points from 368928 (rate: 0.7)
2025-06-17 19:56:15,467 - INFO -   ✓ Processed 348054 samples
2025-06-17 19:56:15,467 - INFO - Processing file 4/5: 2021_xrsa_xrsb.csv
2025-06-17 19:56:15,949 - INFO -     Sampled 367920 points from 367920 (rate: 0.7)
2025-06-17 19:56:16,088 - INFO -   ✓ Processed 356256 samples
2025-06-17 19:56:16,088 - INFO - Processing file 5/5: 2022_xrsa_xrsb.csv
2025-06-17 19:56:16,573 - INFO -     Sampled 367920 points from 367920 (rate: 0.7)
2025-06-17 19:56:16,719 - INFO -   ✓ Processed 360293 samples
2025-06-17 19:56:16,734 - INFO - ✓ Successfully loaded 1,724,862 XRS data points from 5 files
2025-06-17 19:56:16,734 - INFO - Applying final preprocessing for ML training...
2025-06-17 19:56:16,908 - INFO - ✓ Data preprocessing completed. Shape: (1724862, 2)
2025-06-17 19:56:16,923 - INFO - Step 2: Creating training sequences...
2025-06-17 19:56:16,923 - INFO - Creating sequences: length=128, step=32, data_len=1724862
2025-06-17 19:56:21,619 - INFO - ✓ Created 53898 training sequences
2025-06-17 19:56:21,619 - INFO - Step 3: Splitting data for training and validation...
2025-06-17 19:56:21,766 - INFO - Training data: (43118, 128, 2), Validation data: (10780, 128, 2)
2025-06-17 19:56:21,766 - INFO - Flare ratio - Train: 0.435, Val: 0.435
2025-06-17 19:56:21,766 - INFO - Step 4: Training enhanced ML models...
2025-06-17 19:56:33,344 - WARNING - From C:\Users\srabani\Desktop\goesflareenv\.venv\Lib\site-packages\tf_keras\src\losses.py:2976: The name tf.losses.sparse_softmax_cross_entropy is deprecated. Please use tf.compat.v1.losses.sparse_softmax_cross_entropy instead.

2025-06-17 19:56:36,538 - WARNING - From C:\Users\srabani\Desktop\goesflareenv\.venv\Lib\site-packages\tensorflow_probability\python\internal\backend\numpy\_utils.py:48: The name tf.logging.TaskLevelStatusMessage is deprecated. Please use tf.compat.v1.logging.TaskLevelStatusMessage instead.

2025-06-17 19:56:38,895 - WARNING - From C:\Users\srabani\Desktop\goesflareenv\.venv\Lib\site-packages\tensorflow_probability\python\internal\backend\numpy\_utils.py:48: The name tf.control_flow_v2_enabled is deprecated. Please use tf.compat.v1.control_flow_v2_enabled instead.

2025-06-17 19:56:40,692 - ERROR - ✗ Failed to import enhanced models: cannot import name 'MaskedAutoencoderModel' from 'src.ml_models.self_supervised_models' (c:\Users\srabani\Desktop\goesflareenv\solar_flare_analysis\src\ml_models\self_supervised_models.py)
2025-06-17 19:56:40,692 - ERROR - Full traceback: Traceback (most recent call last):
  File "c:\Users\srabani\Desktop\goesflareenv\solar_flare_analysis\enhanced_train_production.py", line 485, in _train_enhanced_models_with_xrs
    from src.ml_models.transformer_flare_model import (
  File "c:\Users\srabani\Desktop\goesflareenv\solar_flare_analysis\src\ml_models\__init__.py", line 35, in <module>
    from .self_supervised_models import (
ImportError: cannot import name 'MaskedAutoencoderModel' from 'src.ml_models.self_supervised_models' (c:\Users\srabani\Desktop\goesflareenv\solar_flare_analysis\src\ml_models\self_supervised_models.py)

2025-06-17 19:56:40,692 - INFO - Using fallback basic models...
2025-06-17 19:56:40,692 - INFO - Training basic FlareDecompositionModel...
2025-06-17 20:08:01,089 - INFO - ✓ Basic model training completed
2025-06-17 20:08:01,089 - INFO - Step 5: Creating visualizations...
2025-06-17 20:08:01,089 - INFO - Creating professional-grade seaborn visualizations...
2025-06-17 20:20:10,702 - ERROR - Critical error in main: Could not interpret value `Complexity` for `x`. An entry with this name does not appear in `data`.
2025-06-17 20:20:10,732 - ERROR - Traceback: Traceback (most recent call last):
  File "c:\Users\srabani\Desktop\goesflareenv\solar_flare_analysis\enhanced_train_production.py", line 1566, in main
    results = trainer.train_with_enhanced_xrs_data(
              ^^^^^^^^^^^^^^^^^^^^^^^^^^^^^^^^^^^^^
  File "c:\Users\srabani\Desktop\goesflareenv\solar_flare_analysis\enhanced_train_production.py", line 471, in train_with_enhanced_xrs_data
    self._create_enhanced_visualizations(X_train, y_train, X_val, y_val, training_results)
  File "c:\Users\srabani\Desktop\goesflareenv\solar_flare_analysis\enhanced_train_production.py", line 872, in _create_enhanced_visualizations
    self._create_complexity_performance_plot(ax9, results, diverging_palette)
  File "c:\Users\srabani\Desktop\goesflareenv\solar_flare_analysis\enhanced_train_production.py", line 1288, in _create_complexity_performance_plot
    sns.scatterplot(data=comp_df, x='Complexity', y='Performance',
  File "C:\Users\srabani\Desktop\goesflareenv\.venv\Lib\site-packages\seaborn\relational.py", line 615, in scatterplot
    p = _ScatterPlotter(
        ^^^^^^^^^^^^^^^^
  File "C:\Users\srabani\Desktop\goesflareenv\.venv\Lib\site-packages\seaborn\relational.py", line 396, in __init__
    super().__init__(data=data, variables=variables)
  File "C:\Users\srabani\Desktop\goesflareenv\.venv\Lib\site-packages\seaborn\_base.py", line 634, in __init__
    self.assign_variables(data, variables)
  File "C:\Users\srabani\Desktop\goesflareenv\.venv\Lib\site-packages\seaborn\_base.py", line 679, in assign_variables
    plot_data = PlotData(data, variables)
                ^^^^^^^^^^^^^^^^^^^^^^^^^
  File "C:\Users\srabani\Desktop\goesflareenv\.venv\Lib\site-packages\seaborn\_core\data.py", line 58, in __init__
    frame, names, ids = self._assign_variables(data, variables)
                        ^^^^^^^^^^^^^^^^^^^^^^^^^^^^^^^^^^^^^^^
  File "C:\Users\srabani\Desktop\goesflareenv\.venv\Lib\site-packages\seaborn\_core\data.py", line 232, in _assign_variables
    raise ValueError(err)
ValueError: Could not interpret value `Complexity` for `x`. An entry with this name does not appear in `data`.

2025-06-17 20:32:16,234 - INFO - ============================================================
2025-06-17 20:32:16,234 - INFO - Enhanced XRS Data Training Pipeline
2025-06-17 20:32:16,234 - INFO - ============================================================
2025-06-17 20:32:16,249 - INFO - Step 1: Loading and processing XRS data...
2025-06-17 20:32:16,249 - INFO - Enhanced XRS data loading from: solar_flare_analysis\data\XRS
2025-06-17 20:32:16,249 - INFO - Processing 5 XRS CSV files...
2025-06-17 20:32:16,253 - INFO - Processing file 1/5: 2017_xrsa_xrsb.csv
2025-06-17 20:32:16,732 - INFO -     Sampled 330624 points from 330624 (rate: 0.7)
2025-06-17 20:32:16,869 - INFO -   ✓ Processed 298922 samples
2025-06-17 20:32:16,869 - INFO - Processing file 2/5: 2019_xrsa_xrsb.csv
2025-06-17 20:32:17,452 - INFO -     Sampled 367920 points from 367920 (rate: 0.7)
2025-06-17 20:32:17,616 - INFO -   ✓ Processed 361337 samples
2025-06-17 20:32:17,616 - INFO - Processing file 3/5: 2020_xrsa_xrsb.csv
2025-06-17 20:32:18,185 - INFO -     Sampled 368928 points from 368928 (rate: 0.7)
2025-06-17 20:32:18,357 - INFO -   ✓ Processed 348054 samples
2025-06-17 20:32:18,357 - INFO - Processing file 4/5: 2021_xrsa_xrsb.csv
2025-06-17 20:32:18,921 - INFO -     Sampled 367920 points from 367920 (rate: 0.7)
2025-06-17 20:32:19,084 - INFO -   ✓ Processed 356256 samples
2025-06-17 20:32:19,084 - INFO - Processing file 5/5: 2022_xrsa_xrsb.csv
2025-06-17 20:32:19,744 - INFO -     Sampled 367920 points from 367920 (rate: 0.7)
2025-06-17 20:32:19,902 - INFO -   ✓ Processed 360293 samples
2025-06-17 20:32:19,937 - INFO - ✓ Successfully loaded 1,724,862 XRS data points from 5 files
2025-06-17 20:32:19,938 - INFO - Applying final preprocessing for ML training...
2025-06-17 20:32:20,125 - INFO - ✓ Data preprocessing completed. Shape: (1724862, 2)
2025-06-17 20:32:20,125 - INFO - Step 2: Creating training sequences...
2025-06-17 20:32:20,125 - INFO - Creating sequences: length=128, step=32, data_len=1724862
2025-06-17 20:32:25,667 - INFO - ✓ Created 53898 training sequences
2025-06-17 20:32:25,667 - INFO - Step 3: Splitting data for training and validation...
2025-06-17 20:32:25,812 - INFO - Training data: (43118, 128, 2), Validation data: (10780, 128, 2)
2025-06-17 20:32:25,812 - INFO - Flare ratio - Train: 0.435, Val: 0.435
2025-06-17 20:32:25,812 - INFO - Step 4: Training enhanced ML models...
2025-06-17 20:32:41,294 - WARNING - From C:\Users\srabani\Desktop\goesflareenv\.venv\Lib\site-packages\tf_keras\src\losses.py:2976: The name tf.losses.sparse_softmax_cross_entropy is deprecated. Please use tf.compat.v1.losses.sparse_softmax_cross_entropy instead.

2025-06-17 20:32:45,233 - WARNING - From C:\Users\srabani\Desktop\goesflareenv\.venv\Lib\site-packages\tensorflow_probability\python\internal\backend\numpy\_utils.py:48: The name tf.logging.TaskLevelStatusMessage is deprecated. Please use tf.compat.v1.logging.TaskLevelStatusMessage instead.

2025-06-17 20:32:47,971 - WARNING - From C:\Users\srabani\Desktop\goesflareenv\.venv\Lib\site-packages\tensorflow_probability\python\internal\backend\numpy\_utils.py:48: The name tf.control_flow_v2_enabled is deprecated. Please use tf.compat.v1.control_flow_v2_enabled instead.

2025-06-17 20:32:50,150 - ERROR - ✗ Failed to import enhanced models: cannot import name 'MaskedAutoencoderModel' from 'src.ml_models.self_supervised_models' (C:\Users\srabani\Desktop\goesflareenv\solar_flare_analysis\src\ml_models\self_supervised_models.py)
2025-06-17 20:32:50,150 - ERROR - Full traceback: Traceback (most recent call last):
  File "C:\Users\srabani\Desktop\goesflareenv\solar_flare_analysis\enhanced_train_production.py", line 485, in _train_enhanced_models_with_xrs
    from src.ml_models.transformer_flare_model import (
  File "C:\Users\srabani\Desktop\goesflareenv\solar_flare_analysis\src\ml_models\__init__.py", line 35, in <module>
    from .self_supervised_models import (
ImportError: cannot import name 'MaskedAutoencoderModel' from 'src.ml_models.self_supervised_models' (C:\Users\srabani\Desktop\goesflareenv\solar_flare_analysis\src\ml_models\self_supervised_models.py)

2025-06-17 20:32:50,150 - INFO - Using fallback basic models...
2025-06-17 20:32:50,150 - INFO - Training basic FlareDecompositionModel...
2025-06-17 20:46:38,143 - INFO - ✓ Basic model training completed
2025-06-17 20:46:38,146 - INFO - Step 5: Creating visualizations...
2025-06-17 20:46:38,146 - INFO - Creating professional-grade seaborn visualizations...
2025-06-17 21:03:19,171 - INFO - ============================================================
2025-06-17 21:03:19,171 - INFO - Enhanced XRS Data Training Pipeline
2025-06-17 21:03:19,171 - INFO - ============================================================
2025-06-17 21:03:19,171 - INFO - Step 1: Loading and processing XRS data...
2025-06-17 21:03:19,171 - INFO - Enhanced XRS data loading from: solar_flare_analysis\data\XRS
2025-06-17 21:03:19,171 - INFO - Processing 5 XRS CSV files...
2025-06-17 21:03:19,171 - INFO - Processing file 1/5: 2017_xrsa_xrsb.csv
2025-06-17 21:03:19,855 - INFO -     Sampled 330624 points from 330624 (rate: 0.7)
2025-06-17 21:03:20,121 - INFO -   ✓ Processed 298922 samples
2025-06-17 21:03:20,121 - INFO - Processing file 2/5: 2019_xrsa_xrsb.csv
2025-06-17 21:03:20,772 - INFO -     Sampled 367920 points from 367920 (rate: 0.7)
2025-06-17 21:03:20,954 - INFO -   ✓ Processed 361337 samples
2025-06-17 21:03:20,954 - INFO - Processing file 3/5: 2020_xrsa_xrsb.csv
2025-06-17 21:03:21,537 - INFO -     Sampled 368928 points from 368928 (rate: 0.7)
2025-06-17 21:03:21,722 - INFO -   ✓ Processed 348054 samples
2025-06-17 21:03:21,722 - INFO - Processing file 4/5: 2021_xrsa_xrsb.csv
2025-06-17 21:03:22,489 - INFO -     Sampled 367920 points from 367920 (rate: 0.7)
2025-06-17 21:03:22,698 - INFO -   ✓ Processed 356256 samples
2025-06-17 21:03:22,706 - INFO - Processing file 5/5: 2022_xrsa_xrsb.csv
2025-06-17 21:03:23,290 - INFO -     Sampled 367920 points from 367920 (rate: 0.7)
2025-06-17 21:03:23,451 - INFO -   ✓ Processed 360293 samples
2025-06-17 21:03:23,481 - INFO - ✓ Successfully loaded 1,724,862 XRS data points from 5 files
2025-06-17 21:03:23,482 - INFO - Applying final preprocessing for ML training...
2025-06-17 21:03:23,676 - INFO - ✓ Data preprocessing completed. Shape: (1724862, 2)
2025-06-17 21:03:23,687 - INFO - Step 2: Creating training sequences...
2025-06-17 21:03:23,690 - INFO - Creating sequences: length=128, step=32, data_len=1724862
2025-06-17 21:03:30,217 - INFO - ✓ Created 53898 training sequences
2025-06-17 21:03:30,218 - INFO - Step 3: Splitting data for training and validation...
2025-06-17 21:03:30,365 - INFO - Training data: (43118, 128, 2), Validation data: (10780, 128, 2)
2025-06-17 21:03:30,365 - INFO - Flare ratio - Train: 0.435, Val: 0.435
2025-06-17 21:03:30,365 - INFO - Step 4: Training enhanced ML models...
2025-06-17 21:03:47,182 - WARNING - From C:\Users\srabani\Desktop\goesflareenv\.venv\Lib\site-packages\tf_keras\src\losses.py:2976: The name tf.losses.sparse_softmax_cross_entropy is deprecated. Please use tf.compat.v1.losses.sparse_softmax_cross_entropy instead.

2025-06-17 21:03:51,741 - WARNING - From C:\Users\srabani\Desktop\goesflareenv\.venv\Lib\site-packages\tensorflow_probability\python\internal\backend\numpy\_utils.py:48: The name tf.logging.TaskLevelStatusMessage is deprecated. Please use tf.compat.v1.logging.TaskLevelStatusMessage instead.

2025-06-17 21:03:54,742 - WARNING - From C:\Users\srabani\Desktop\goesflareenv\.venv\Lib\site-packages\tensorflow_probability\python\internal\backend\numpy\_utils.py:48: The name tf.control_flow_v2_enabled is deprecated. Please use tf.compat.v1.control_flow_v2_enabled instead.

2025-06-17 21:03:57,007 - ERROR - ✗ Failed to import enhanced models: cannot import name 'MaskedAutoencoderModel' from 'src.ml_models.self_supervised_models' (C:\Users\srabani\Desktop\goesflareenv\solar_flare_analysis\src\ml_models\self_supervised_models.py)
2025-06-17 21:03:57,007 - ERROR - Full traceback: Traceback (most recent call last):
  File "C:\Users\srabani\Desktop\goesflareenv\solar_flare_analysis\enhanced_train_production.py", line 485, in _train_enhanced_models_with_xrs
    from src.ml_models.transformer_flare_model import (
  File "C:\Users\srabani\Desktop\goesflareenv\solar_flare_analysis\src\ml_models\__init__.py", line 35, in <module>
    from .self_supervised_models import (
ImportError: cannot import name 'MaskedAutoencoderModel' from 'src.ml_models.self_supervised_models' (C:\Users\srabani\Desktop\goesflareenv\solar_flare_analysis\src\ml_models\self_supervised_models.py)

2025-06-17 21:03:57,022 - INFO - Using fallback basic models...
2025-06-17 21:03:57,022 - INFO - Training basic FlareDecompositionModel...
2025-06-17 21:15:57,880 - INFO - ✓ Basic model training completed
2025-06-17 21:15:57,880 - INFO - Step 5: Creating visualizations...
2025-06-17 21:15:57,881 - INFO - Creating professional-grade seaborn visualizations...
2025-06-17 21:31:53,740 - INFO - ============================================================
2025-06-17 21:31:53,740 - INFO - Enhanced XRS Data Training Pipeline
2025-06-17 21:31:53,740 - INFO - ============================================================
2025-06-17 21:31:53,740 - INFO - Step 1: Loading and processing XRS data...
2025-06-17 21:31:53,740 - INFO - Enhanced XRS data loading from: solar_flare_analysis\data\XRS
2025-06-17 21:31:53,740 - INFO - Processing 5 XRS CSV files...
2025-06-17 21:31:53,740 - INFO - Processing file 1/5: 2017_xrsa_xrsb.csv
2025-06-17 21:31:54,346 - INFO -     Sampled 330624 points from 330624 (rate: 0.7)
2025-06-17 21:31:54,497 - INFO -   ✓ Processed 298922 samples
2025-06-17 21:31:54,497 - INFO - Processing file 2/5: 2019_xrsa_xrsb.csv
2025-06-17 21:31:55,179 - INFO -     Sampled 367920 points from 367920 (rate: 0.7)
2025-06-17 21:31:55,347 - INFO -   ✓ Processed 361337 samples
2025-06-17 21:31:55,347 - INFO - Processing file 3/5: 2020_xrsa_xrsb.csv
2025-06-17 21:31:56,130 - INFO -     Sampled 368928 points from 368928 (rate: 0.7)
2025-06-17 21:31:56,313 - INFO -   ✓ Processed 348054 samples
2025-06-17 21:31:56,313 - INFO - Processing file 4/5: 2021_xrsa_xrsb.csv
2025-06-17 21:31:56,944 - INFO -     Sampled 367920 points from 367920 (rate: 0.7)
2025-06-17 21:31:57,130 - INFO -   ✓ Processed 356256 samples
2025-06-17 21:31:57,145 - INFO - Processing file 5/5: 2022_xrsa_xrsb.csv
2025-06-17 21:31:57,812 - INFO -     Sampled 367920 points from 367920 (rate: 0.7)
2025-06-17 21:31:58,036 - INFO -   ✓ Processed 360293 samples
2025-06-17 21:31:58,063 - INFO - ✓ Successfully loaded 1,724,862 XRS data points from 5 files
2025-06-17 21:31:58,065 - INFO - Applying final preprocessing for ML training...
2025-06-17 21:31:58,288 - INFO - ✓ Data preprocessing completed. Shape: (1724862, 2)
2025-06-17 21:31:58,295 - INFO - Step 2: Creating training sequences...
2025-06-17 21:31:58,299 - INFO - Creating sequences: length=128, step=32, data_len=1724862
2025-06-17 21:32:04,863 - INFO - ✓ Created 53898 training sequences
2025-06-17 21:32:04,863 - INFO - Step 3: Splitting data for training and validation...
2025-06-17 21:32:05,037 - INFO - Training data: (43118, 128, 2), Validation data: (10780, 128, 2)
2025-06-17 21:32:05,037 - INFO - Flare ratio - Train: 0.435, Val: 0.435
2025-06-17 21:32:05,037 - INFO - Step 4: Training enhanced ML models...
2025-06-17 21:32:16,602 - WARNING - From C:\Users\srabani\Desktop\goesflareenv\.venv\Lib\site-packages\tf_keras\src\losses.py:2976: The name tf.losses.sparse_softmax_cross_entropy is deprecated. Please use tf.compat.v1.losses.sparse_softmax_cross_entropy instead.

2025-06-17 21:32:19,666 - WARNING - From C:\Users\srabani\Desktop\goesflareenv\.venv\Lib\site-packages\tensorflow_probability\python\internal\backend\numpy\_utils.py:48: The name tf.logging.TaskLevelStatusMessage is deprecated. Please use tf.compat.v1.logging.TaskLevelStatusMessage instead.

2025-06-17 21:32:22,056 - WARNING - From C:\Users\srabani\Desktop\goesflareenv\.venv\Lib\site-packages\tensorflow_probability\python\internal\backend\numpy\_utils.py:48: The name tf.control_flow_v2_enabled is deprecated. Please use tf.compat.v1.control_flow_v2_enabled instead.

2025-06-17 21:32:23,744 - INFO - ✓ Successfully imported ALL enhanced models
2025-06-17 21:32:23,746 - INFO - Training TransformerFlareModel...
2025-06-17 21:37:44,241 - WARNING - You are saving your model as an HDF5 file via `model.save()` or `keras.saving.save_model(model)`. This file format is considered legacy. We recommend using instead the native Keras format, e.g. `model.save('my_model.keras')` or `keras.saving.save_model(model, 'my_model.keras')`. 
2025-06-17 21:42:53,800 - WARNING - You are saving your model as an HDF5 file via `model.save()` or `keras.saving.save_model(model)`. This file format is considered legacy. We recommend using instead the native Keras format, e.g. `model.save('my_model.keras')` or `keras.saving.save_model(model, 'my_model.keras')`. 
2025-06-17 21:48:13,553 - WARNING - You are saving your model as an HDF5 file via `model.save()` or `keras.saving.save_model(model)`. This file format is considered legacy. We recommend using instead the native Keras format, e.g. `model.save('my_model.keras')` or `keras.saving.save_model(model, 'my_model.keras')`. 
2025-06-17 21:58:37,387 - WARNING - You are saving your model as an HDF5 file via `model.save()` or `keras.saving.save_model(model)`. This file format is considered legacy. We recommend using instead the native Keras format, e.g. `model.save('my_model.keras')` or `keras.saving.save_model(model, 'my_model.keras')`. 
2025-06-17 21:58:47,628 - INFO - ✓ Transformer model training completed
2025-06-17 21:58:47,628 - INFO - Training ConvolutionalTransformerModel...
2025-06-17 22:30:33,252 - INFO - ✓ Convolutional Transformer training completed
2025-06-17 22:30:33,252 - INFO - Training MonteCarloSolarFlareModel...
2025-06-17 22:30:33,252 - INFO - Building Monte Carlo Solar Flare ML Model
2025-06-17 22:30:33,506 - INFO - Model built successfully: 137380 parameters
2025-06-17 23:47:27,931 - INFO - ✓ Monte Carlo model training completed
2025-06-17 23:47:27,931 - INFO - Training ContrastiveLearningModel...
2025-06-17 23:47:28,077 - INFO - Starting contrastive pretraining...
2025-06-17 23:54:28,983 - INFO - Starting fine-tuning...
2025-06-17 23:55:02,150 - WARNING - You are saving your model as an HDF5 file via `model.save()` or `keras.saving.save_model(model)`. This file format is considered legacy. We recommend using instead the native Keras format, e.g. `model.save('my_model.keras')` or `keras.saving.save_model(model, 'my_model.keras')`. 
2025-06-17 23:56:24,132 - WARNING - You are saving your model as an HDF5 file via `model.save()` or `keras.saving.save_model(model)`. This file format is considered legacy. We recommend using instead the native Keras format, e.g. `model.save('my_model.keras')` or `keras.saving.save_model(model, 'my_model.keras')`. 
2025-06-17 23:56:34,259 - INFO - ✓ Contrastive learning training completed
2025-06-17 23:56:34,259 - INFO - Training SimpleBayesianFlareAnalyzer...
2025-06-17 23:56:34,368 - INFO - Training Bayesian model...
2025-06-17 23:59:41,146 - INFO - Testing Bayesian uncertainty predictions...
2025-06-17 23:59:41,728 - INFO - ✓ Simple Bayesian model training completed
2025-06-17 23:59:41,728 - INFO - Training GraphNeuralFlareModel...
2025-06-17 23:59:41,728 - INFO -     Adapting GNN to sequence length: 128
2025-06-17 23:59:42,136 - INFO - Training Graph Neural Network...
2025-06-18 00:25:59,517 - WARNING - You are saving your model as an HDF5 file via `model.save()` or `keras.saving.save_model(model)`. This file format is considered legacy. We recommend using instead the native Keras format, e.g. `model.save('my_model.keras')` or `keras.saving.save_model(model, 'my_model.keras')`. 
2025-06-18 01:14:46,957 - WARNING - You are saving your model as an HDF5 file via `model.save()` or `keras.saving.save_model(model)`. This file format is considered legacy. We recommend using instead the native Keras format, e.g. `model.save('my_model.keras')` or `keras.saving.save_model(model, 'my_model.keras')`. 
2025-06-18 01:14:47,449 - INFO - ✓ Graph Neural Network training completed
2025-06-18 01:14:47,449 - INFO - Training HybridGraphTransformerModel...
2025-06-18 01:14:47,449 - INFO -     Adapting Hybrid Graph-Transformer to sequence length: 128
2025-06-18 01:14:47,919 - INFO - Training Hybrid Graph-Transformer...
2025-06-18 03:02:32,545 - INFO - ✓ Hybrid Graph-Transformer training completed
2025-06-18 03:02:32,560 - INFO - Step 5: Creating visualizations...
2025-06-18 03:02:32,575 - INFO - Creating professional-grade seaborn visualizations...
2025-06-18 03:14:52,807 - INFO - Available models in results: ['transformer', 'conv_transformer', 'monte_carlo', 'contrastive', 'simple_bayesian', 'graph_neural', 'hybrid_graph_transformer']
2025-06-18 03:14:52,822 - INFO - Expected models in complexity_map: ['transformer', 'conv_transformer', 'monte_carlo', 'contrastive', 'simple_bayesian', 'graph_neural', 'hybrid_graph_transformer']
2025-06-18 03:14:52,822 - INFO - DataFrame shape: (7, 5)
2025-06-18 03:14:52,822 - INFO - DataFrame columns: ['Model', 'Complexity', 'Performance', 'Status', 'Size']
2025-06-18 03:14:52,822 - INFO - DataFrame empty: False
2025-06-18 03:15:05,315 - INFO - ✓ Professional seaborn visualizations saved to enhanced_output
2025-06-18 03:15:05,315 - INFO - ✓ Training metadata saved to enhanced_output\enhanced_training_metadata.json
