2025-06-16 18:23:01,162 - INFO - ==================================================
2025-06-16 18:23:01,162 - INFO - Starting comprehensive ML models training
2025-06-16 18:23:01,162 - INFO - ==================================================
2025-06-16 18:23:01,162 - INFO - Loading XRS data with enhanced processing...
2025-06-16 18:23:01,162 - INFO - Loading XRS data from: data\XRS
2025-06-16 18:23:01,162 - INFO - Found 0 CSV files
2025-06-16 18:23:01,177 - ERROR - No data loaded successfully
2025-06-16 18:23:01,177 - ERROR - No data loaded. Cannot proceed with training.
2025-06-16 18:23:01,177 - INFO - 
2025-06-16 18:23:01,183 - INFO - ============================================================
2025-06-16 18:23:01,185 - INFO - ENHANCED TRAINING COMPLETED!
2025-06-16 18:23:01,186 - INFO - ============================================================
2025-06-16 23:00:34,379 - INFO - ==================================================
2025-06-16 23:00:34,379 - INFO - Starting comprehensive ML models training
2025-06-16 23:00:34,379 - INFO - ==================================================
2025-06-16 23:00:34,379 - INFO - Loading XRS data with enhanced processing...
2025-06-16 23:00:34,379 - INFO - Loading XRS data from: data\XRS
2025-06-16 23:00:34,379 - ERROR - Data directory does not exist: data\XRS
2025-06-16 23:00:34,379 - ERROR - No data loaded. Cannot proceed with training.
2025-06-16 23:00:34,379 - INFO - 
2025-06-16 23:00:34,379 - INFO - ============================================================
2025-06-16 23:00:34,394 - INFO - ENHANCED TRAINING COMPLETED!
2025-06-16 23:00:34,394 - INFO - ============================================================
