2025-06-16 20:11:43,742 - INFO - ============================================================
2025-06-16 20:11:43,742 - INFO - Enhanced XRS Data Training Pipeline
2025-06-16 20:11:43,742 - INFO - ============================================================
2025-06-16 20:11:43,742 - INFO - Step 1: Loading and processing XRS data...
2025-06-16 20:11:43,742 - INFO - Enhanced XRS data loading from: solar_flare_analysis\data\XRS
2025-06-16 20:11:43,757 - ERROR - Data directory does not exist: solar_flare_analysis\data\XRS
2025-06-16 20:11:43,758 - ERROR - No XRS data loaded. Cannot proceed with training.
2025-06-16 21:07:41,350 - INFO - ============================================================
2025-06-16 21:07:41,365 - INFO - Enhanced XRS Data Training Pipeline
2025-06-16 21:07:41,365 - INFO - ============================================================
2025-06-16 21:07:41,365 - INFO - Step 1: Loading and processing XRS data...
2025-06-16 21:07:41,365 - INFO - Enhanced XRS data loading from: solar_flare_analysis\data\XRS
2025-06-16 21:07:41,365 - ERROR - Data directory does not exist: solar_flare_analysis\data\XRS
2025-06-16 21:07:41,365 - WARNING - No XRS data loaded. Using synthetic data for demonstration...
2025-06-16 21:07:41,365 - INFO - Generating synthetic XRS data for training...
2025-06-16 21:07:41,590 - INFO - Generated 2000 synthetic sequences, 398 with flares
2025-06-16 21:07:41,590 - INFO - Synthetic training data: (1600, 128, 2), Validation data: (400, 128, 2)
2025-06-16 21:07:41,590 - INFO - Flare ratio - Train: 0.199, Val: 0.200
2025-06-16 21:07:52,387 - WARNING - From C:\Users\srabani\Desktop\goesflareenv\.venv\Lib\site-packages\tf_keras\src\losses.py:2976: The name tf.losses.sparse_softmax_cross_entropy is deprecated. Please use tf.compat.v1.losses.sparse_softmax_cross_entropy instead.

2025-06-16 21:07:55,385 - WARNING - From C:\Users\srabani\Desktop\goesflareenv\.venv\Lib\site-packages\tensorflow_probability\python\internal\backend\numpy\_utils.py:48: The name tf.logging.TaskLevelStatusMessage is deprecated. Please use tf.compat.v1.logging.TaskLevelStatusMessage instead.

2025-06-16 21:08:04,805 - WARNING - From C:\Users\srabani\Desktop\goesflareenv\.venv\Lib\site-packages\tensorflow_probability\python\internal\backend\numpy\_utils.py:48: The name tf.control_flow_v2_enabled is deprecated. Please use tf.compat.v1.control_flow_v2_enabled instead.

2025-06-16 21:08:06,268 - INFO - ✓ Successfully imported enhanced models
2025-06-16 21:08:06,268 - INFO - Training TransformerFlareModel...
2025-06-16 21:08:29,995 - WARNING - You are saving your model as an HDF5 file via `model.save()` or `keras.saving.save_model(model)`. This file format is considered legacy. We recommend using instead the native Keras format, e.g. `model.save('my_model.keras')` or `keras.saving.save_model(model, 'my_model.keras')`. 
2025-06-16 21:08:42,034 - WARNING - You are saving your model as an HDF5 file via `model.save()` or `keras.saving.save_model(model)`. This file format is considered legacy. We recommend using instead the native Keras format, e.g. `model.save('my_model.keras')` or `keras.saving.save_model(model, 'my_model.keras')`. 
2025-06-16 21:09:04,292 - WARNING - You are saving your model as an HDF5 file via `model.save()` or `keras.saving.save_model(model)`. This file format is considered legacy. We recommend using instead the native Keras format, e.g. `model.save('my_model.keras')` or `keras.saving.save_model(model, 'my_model.keras')`. 
2025-06-16 21:09:15,322 - INFO - ✓ Transformer model training completed
2025-06-16 21:09:15,322 - INFO - Training ConvolutionalTransformerModel...
2025-06-16 21:10:39,075 - INFO - ✓ Convolutional Transformer training completed
2025-06-16 21:10:39,075 - INFO - Training MonteCarloSolarFlareModel...
2025-06-16 21:10:39,075 - INFO - Building Monte Carlo Solar Flare ML Model
2025-06-16 21:10:39,277 - INFO - Model built successfully: 137380 parameters
2025-06-16 21:13:26,480 - INFO - ✓ Monte Carlo model training completed
2025-06-16 21:13:26,480 - INFO - Training ContrastiveLearningModel...
2025-06-16 21:13:26,606 - INFO - Starting contrastive pretraining...
2025-06-16 21:13:26,667 - ERROR - ✗ Contrastive learning training failed: A KerasTensor cannot be used as input to a TensorFlow function. A KerasTensor is a symbolic placeholder for a shape and dtype, used when constructing Keras Functional models or Keras Functions. You can only use it as input to a Keras layer or a Keras operation (from the namespaces `keras.layers` and `keras.ops`). You are likely doing something like:

```
x = Input(...)
...
tf_fn(x)  # Invalid.
```

What you should do instead is wrap `tf_fn` in a layer:

```
class MyLayer(Layer):
    def call(self, x):
        return tf_fn(x)

x = MyLayer()(x)
```

2025-06-16 21:13:26,667 - ERROR - Traceback: Traceback (most recent call last):
  File "C:\Users\srabani\Desktop\goesflareenv\solar_flare_analysis\enhanced_train_production.py", line 617, in _train_enhanced_models_with_xrs
    pretrain_history = contrastive.pretrain(X_train, epochs=3, batch_size=16)
                       ^^^^^^^^^^^^^^^^^^^^^^^^^^^^^^^^^^^^^^^^^^^^^^^^^^^^^^
  File "C:\Users\srabani\Desktop\goesflareenv\solar_flare_analysis\src\ml_models\self_supervised_models.py", line 189, in pretrain
    self.build_contrastive_model()
  File "C:\Users\srabani\Desktop\goesflareenv\solar_flare_analysis\src\ml_models\self_supervised_models.py", line 177, in build_contrastive_model
    model.add_loss(self.contrastive_loss(projections_1, projections_2))
                   ^^^^^^^^^^^^^^^^^^^^^^^^^^^^^^^^^^^^^^^^^^^^^^^^^^^
  File "C:\Users\srabani\Desktop\goesflareenv\solar_flare_analysis\src\ml_models\self_supervised_models.py", line 131, in contrastive_loss
    projections_1 = tf.nn.l2_normalize(projections_1, axis=1)
                    ^^^^^^^^^^^^^^^^^^^^^^^^^^^^^^^^^^^^^^^^^
  File "C:\Users\srabani\Desktop\goesflareenv\.venv\Lib\site-packages\tensorflow\python\util\traceback_utils.py", line 153, in error_handler
    raise e.with_traceback(filtered_tb) from None
  File "C:\Users\srabani\Desktop\goesflareenv\.venv\Lib\site-packages\keras\src\backend\common\keras_tensor.py", line 156, in __tf_tensor__
    raise ValueError(
ValueError: A KerasTensor cannot be used as input to a TensorFlow function. A KerasTensor is a symbolic placeholder for a shape and dtype, used when constructing Keras Functional models or Keras Functions. You can only use it as input to a Keras layer or a Keras operation (from the namespaces `keras.layers` and `keras.ops`). You are likely doing something like:

```
x = Input(...)
...
tf_fn(x)  # Invalid.
```

What you should do instead is wrap `tf_fn` in a layer:

```
class MyLayer(Layer):
    def call(self, x):
        return tf_fn(x)

x = MyLayer()(x)
```


2025-06-16 21:13:26,680 - INFO - Creating enhanced visualizations...
2025-06-16 21:13:27,154 - ERROR - Critical error in main: 'total_samples'
2025-06-16 21:13:27,154 - ERROR - Traceback: Traceback (most recent call last):
  File "C:\Users\srabani\Desktop\goesflareenv\solar_flare_analysis\enhanced_train_production.py", line 919, in main
    results = trainer.train_with_enhanced_xrs_data(
              ^^^^^^^^^^^^^^^^^^^^^^^^^^^^^^^^^^^^^
  File "C:\Users\srabani\Desktop\goesflareenv\solar_flare_analysis\enhanced_train_production.py", line 443, in train_with_enhanced_xrs_data
    return self._train_with_synthetic_data(sequence_length)
           ^^^^^^^^^^^^^^^^^^^^^^^^^^^^^^^^^^^^^^^^^^^^^^^^
  File "C:\Users\srabani\Desktop\goesflareenv\solar_flare_analysis\enhanced_train_production.py", line 900, in _train_with_synthetic_data
    self._create_enhanced_visualizations(X_train, y_train, X_val, y_val, training_results)
  File "C:\Users\srabani\Desktop\goesflareenv\solar_flare_analysis\enhanced_train_production.py", line 763, in _create_enhanced_visualizations
    summary_text = self._generate_training_summary(results)
                   ^^^^^^^^^^^^^^^^^^^^^^^^^^^^^^^^^^^^^^^^
  File "C:\Users\srabani\Desktop\goesflareenv\solar_flare_analysis\enhanced_train_production.py", line 786, in _generate_training_summary
    summary += f"Data info: {self.data_loader.metadata['total_samples']:,} samples from {self.data_loader.metadata['processed_files']} files\n"
                             ~~~~~~~~~~~~~~~~~~~~~~~~~^^^^^^^^^^^^^^^^^
KeyError: 'total_samples'

2025-06-16 21:21:30,135 - INFO - ============================================================
2025-06-16 21:21:30,135 - INFO - Enhanced XRS Data Training Pipeline
2025-06-16 21:21:30,135 - INFO - ============================================================
2025-06-16 21:21:30,135 - INFO - Step 1: Loading and processing XRS data...
2025-06-16 21:21:30,135 - INFO - Enhanced XRS data loading from: solar_flare_analysis\data\XRS
2025-06-16 21:21:30,135 - ERROR - Data directory does not exist: solar_flare_analysis\data\XRS
2025-06-16 21:21:30,152 - WARNING - No XRS data loaded. Using synthetic data for demonstration...
2025-06-16 21:21:30,153 - INFO - Generating synthetic XRS data for training...
2025-06-16 21:21:30,390 - INFO - Generated 2000 synthetic sequences, 408 with flares
2025-06-16 21:21:30,390 - INFO - Synthetic training data: (1600, 128, 2), Validation data: (400, 128, 2)
2025-06-16 21:21:30,390 - INFO - Flare ratio - Train: 0.204, Val: 0.205
2025-06-16 21:21:41,040 - WARNING - From C:\Users\srabani\Desktop\goesflareenv\.venv\Lib\site-packages\tf_keras\src\losses.py:2976: The name tf.losses.sparse_softmax_cross_entropy is deprecated. Please use tf.compat.v1.losses.sparse_softmax_cross_entropy instead.

2025-06-16 21:21:43,894 - WARNING - From C:\Users\srabani\Desktop\goesflareenv\.venv\Lib\site-packages\tensorflow_probability\python\internal\backend\numpy\_utils.py:48: The name tf.logging.TaskLevelStatusMessage is deprecated. Please use tf.compat.v1.logging.TaskLevelStatusMessage instead.

2025-06-16 21:21:53,010 - WARNING - From C:\Users\srabani\Desktop\goesflareenv\.venv\Lib\site-packages\tensorflow_probability\python\internal\backend\numpy\_utils.py:48: The name tf.control_flow_v2_enabled is deprecated. Please use tf.compat.v1.control_flow_v2_enabled instead.

2025-06-16 21:21:54,590 - INFO - ✓ Successfully imported enhanced models
2025-06-16 21:21:54,590 - INFO - Training TransformerFlareModel...
2025-06-16 21:22:18,289 - WARNING - You are saving your model as an HDF5 file via `model.save()` or `keras.saving.save_model(model)`. This file format is considered legacy. We recommend using instead the native Keras format, e.g. `model.save('my_model.keras')` or `keras.saving.save_model(model, 'my_model.keras')`. 
2025-06-16 21:22:29,366 - WARNING - You are saving your model as an HDF5 file via `model.save()` or `keras.saving.save_model(model)`. This file format is considered legacy. We recommend using instead the native Keras format, e.g. `model.save('my_model.keras')` or `keras.saving.save_model(model, 'my_model.keras')`. 
2025-06-16 21:22:40,730 - WARNING - You are saving your model as an HDF5 file via `model.save()` or `keras.saving.save_model(model)`. This file format is considered legacy. We recommend using instead the native Keras format, e.g. `model.save('my_model.keras')` or `keras.saving.save_model(model, 'my_model.keras')`. 
2025-06-16 21:22:52,462 - WARNING - You are saving your model as an HDF5 file via `model.save()` or `keras.saving.save_model(model)`. This file format is considered legacy. We recommend using instead the native Keras format, e.g. `model.save('my_model.keras')` or `keras.saving.save_model(model, 'my_model.keras')`. 
2025-06-16 21:23:03,395 - WARNING - You are saving your model as an HDF5 file via `model.save()` or `keras.saving.save_model(model)`. This file format is considered legacy. We recommend using instead the native Keras format, e.g. `model.save('my_model.keras')` or `keras.saving.save_model(model, 'my_model.keras')`. 
2025-06-16 21:23:03,611 - INFO - ✓ Transformer model training completed
2025-06-16 21:23:03,611 - INFO - Training ConvolutionalTransformerModel...
2025-06-16 21:24:27,542 - INFO - ✓ Convolutional Transformer training completed
2025-06-16 21:24:27,543 - INFO - Training MonteCarloSolarFlareModel...
2025-06-16 21:24:27,543 - INFO - Building Monte Carlo Solar Flare ML Model
2025-06-16 21:24:27,739 - INFO - Model built successfully: 137380 parameters
2025-06-16 21:27:05,566 - INFO - ✓ Monte Carlo model training completed
2025-06-16 21:27:05,566 - INFO - Training ContrastiveLearningModel...
2025-06-16 21:27:05,742 - INFO - Starting contrastive pretraining...
2025-06-16 21:27:05,853 - ERROR - ✗ Contrastive learning training failed: Invalid dtype: NoneType
2025-06-16 21:27:05,895 - ERROR - Traceback: Traceback (most recent call last):
  File "C:\Users\srabani\Desktop\goesflareenv\solar_flare_analysis\enhanced_train_production.py", line 617, in _train_enhanced_models_with_xrs
    pretrain_history = contrastive.pretrain(X_train, epochs=3, batch_size=16)
                       ^^^^^^^^^^^^^^^^^^^^^^^^^^^^^^^^^^^^^^^^^^^^^^^^^^^^^^
  File "C:\Users\srabani\Desktop\goesflareenv\solar_flare_analysis\src\ml_models\self_supervised_models.py", line 194, in pretrain
    self.build_contrastive_model()
  File "C:\Users\srabani\Desktop\goesflareenv\solar_flare_analysis\src\ml_models\self_supervised_models.py", line 182, in build_contrastive_model
    model.add_loss(self.contrastive_loss(projections_1, projections_2))
                   ^^^^^^^^^^^^^^^^^^^^^^^^^^^^^^^^^^^^^^^^^^^^^^^^^^^
  File "C:\Users\srabani\Desktop\goesflareenv\solar_flare_analysis\src\ml_models\self_supervised_models.py", line 145, in contrastive_loss
    labels = keras.ops.arange(batch_size)
             ^^^^^^^^^^^^^^^^^^^^^^^^^^^^
  File "C:\Users\srabani\Desktop\goesflareenv\.venv\Lib\site-packages\keras\src\ops\numpy.py", line 658, in arange
    return backend.numpy.arange(start, stop, step=step, dtype=dtype)
           ^^^^^^^^^^^^^^^^^^^^^^^^^^^^^^^^^^^^^^^^^^^^^^^^^^^^^^^^^
  File "C:\Users\srabani\Desktop\goesflareenv\.venv\Lib\site-packages\keras\src\backend\tensorflow\numpy.py", line 794, in arange
    dtype = dtypes.result_type(*dtypes_to_resolve)
            ^^^^^^^^^^^^^^^^^^^^^^^^^^^^^^^^^^^^^^
  File "C:\Users\srabani\Desktop\goesflareenv\.venv\Lib\site-packages\keras\src\backend\common\dtypes.py", line 323, in result_type
    return _lattice_result_type(
           ^^^^^^^^^^^^^^^^^^^^^
  File "C:\Users\srabani\Desktop\goesflareenv\.venv\Lib\site-packages\keras\src\backend\common\dtypes.py", line 251, in _lattice_result_type
    dtypes, weak_types = zip(*(_dtype_and_weaktype(arg) for arg in args))
                         ^^^^^^^^^^^^^^^^^^^^^^^^^^^^^^^^^^^^^^^^^^^^^^^^
  File "C:\Users\srabani\Desktop\goesflareenv\.venv\Lib\site-packages\keras\src\backend\common\dtypes.py", line 251, in <genexpr>
    dtypes, weak_types = zip(*(_dtype_and_weaktype(arg) for arg in args))
                               ^^^^^^^^^^^^^^^^^^^^^^^^
  File "C:\Users\srabani\Desktop\goesflareenv\.venv\Lib\site-packages\keras\src\backend\common\dtypes.py", line 183, in _dtype_and_weaktype
    return standardize_dtype(value), is_weak_type
           ^^^^^^^^^^^^^^^^^^^^^^^^
  File "C:\Users\srabani\Desktop\goesflareenv\.venv\Lib\site-packages\keras\src\backend\common\variables.py", line 578, in standardize_dtype
    raise ValueError(f"Invalid dtype: {dtype}")
ValueError: Invalid dtype: NoneType

2025-06-16 21:27:05,895 - INFO - Creating enhanced visualizations...
2025-06-16 21:27:06,583 - ERROR - Critical error in main: 'total_samples'
2025-06-16 21:27:06,598 - ERROR - Traceback: Traceback (most recent call last):
  File "C:\Users\srabani\Desktop\goesflareenv\solar_flare_analysis\enhanced_train_production.py", line 919, in main
    results = trainer.train_with_enhanced_xrs_data(
              ^^^^^^^^^^^^^^^^^^^^^^^^^^^^^^^^^^^^^
  File "C:\Users\srabani\Desktop\goesflareenv\solar_flare_analysis\enhanced_train_production.py", line 443, in train_with_enhanced_xrs_data
    return self._train_with_synthetic_data(sequence_length)
           ^^^^^^^^^^^^^^^^^^^^^^^^^^^^^^^^^^^^^^^^^^^^^^^^
  File "C:\Users\srabani\Desktop\goesflareenv\solar_flare_analysis\enhanced_train_production.py", line 900, in _train_with_synthetic_data
    self._create_enhanced_visualizations(X_train, y_train, X_val, y_val, training_results)
  File "C:\Users\srabani\Desktop\goesflareenv\solar_flare_analysis\enhanced_train_production.py", line 763, in _create_enhanced_visualizations
    summary_text = self._generate_training_summary(results)
                   ^^^^^^^^^^^^^^^^^^^^^^^^^^^^^^^^^^^^^^^^
  File "C:\Users\srabani\Desktop\goesflareenv\solar_flare_analysis\enhanced_train_production.py", line 786, in _generate_training_summary
    summary += f"Data info: {self.data_loader.metadata['total_samples']:,} samples from {self.data_loader.metadata['processed_files']} files\n"
                             ~~~~~~~~~~~~~~~~~~~~~~~~~^^^^^^^^^^^^^^^^^
KeyError: 'total_samples'

2025-06-16 21:38:04,299 - INFO - ============================================================
2025-06-16 21:38:04,299 - INFO - Enhanced XRS Data Training Pipeline
2025-06-16 21:38:04,299 - INFO - ============================================================
2025-06-16 21:38:04,299 - INFO - Step 1: Loading and processing XRS data...
2025-06-16 21:38:04,299 - INFO - Enhanced XRS data loading from: solar_flare_analysis\data\XRS
2025-06-16 21:38:04,314 - ERROR - Data directory does not exist: solar_flare_analysis\data\XRS
2025-06-16 21:38:04,314 - WARNING - No XRS data loaded. Using synthetic data for demonstration...
2025-06-16 21:38:04,314 - INFO - Generating synthetic XRS data for training...
2025-06-16 21:38:04,637 - INFO - Generated 2000 synthetic sequences, 403 with flares
2025-06-16 21:38:04,652 - INFO - Synthetic training data: (1600, 128, 2), Validation data: (400, 128, 2)
2025-06-16 21:38:04,685 - INFO - Flare ratio - Train: 0.201, Val: 0.203
2025-06-16 21:38:15,411 - WARNING - From C:\Users\srabani\Desktop\goesflareenv\.venv\Lib\site-packages\tf_keras\src\losses.py:2976: The name tf.losses.sparse_softmax_cross_entropy is deprecated. Please use tf.compat.v1.losses.sparse_softmax_cross_entropy instead.

2025-06-16 21:38:18,203 - WARNING - From C:\Users\srabani\Desktop\goesflareenv\.venv\Lib\site-packages\tensorflow_probability\python\internal\backend\numpy\_utils.py:48: The name tf.logging.TaskLevelStatusMessage is deprecated. Please use tf.compat.v1.logging.TaskLevelStatusMessage instead.

2025-06-16 21:38:27,258 - WARNING - From C:\Users\srabani\Desktop\goesflareenv\.venv\Lib\site-packages\tensorflow_probability\python\internal\backend\numpy\_utils.py:48: The name tf.control_flow_v2_enabled is deprecated. Please use tf.compat.v1.control_flow_v2_enabled instead.

2025-06-16 21:38:28,781 - INFO - ✓ Successfully imported enhanced models
2025-06-16 21:38:28,781 - INFO - Training TransformerFlareModel...
2025-06-16 21:38:52,954 - WARNING - You are saving your model as an HDF5 file via `model.save()` or `keras.saving.save_model(model)`. This file format is considered legacy. We recommend using instead the native Keras format, e.g. `model.save('my_model.keras')` or `keras.saving.save_model(model, 'my_model.keras')`. 
2025-06-16 21:39:03,889 - WARNING - You are saving your model as an HDF5 file via `model.save()` or `keras.saving.save_model(model)`. This file format is considered legacy. We recommend using instead the native Keras format, e.g. `model.save('my_model.keras')` or `keras.saving.save_model(model, 'my_model.keras')`. 
2025-06-16 21:39:14,952 - WARNING - You are saving your model as an HDF5 file via `model.save()` or `keras.saving.save_model(model)`. This file format is considered legacy. We recommend using instead the native Keras format, e.g. `model.save('my_model.keras')` or `keras.saving.save_model(model, 'my_model.keras')`. 
2025-06-16 21:39:36,620 - INFO - ✓ Transformer model training completed
2025-06-16 21:39:36,621 - INFO - Training ConvolutionalTransformerModel...
2025-06-16 21:41:01,064 - INFO - ✓ Convolutional Transformer training completed
2025-06-16 21:41:01,064 - INFO - Training MonteCarloSolarFlareModel...
2025-06-16 21:41:01,064 - INFO - Building Monte Carlo Solar Flare ML Model
2025-06-16 21:41:01,258 - INFO - Model built successfully: 137380 parameters
2025-06-16 21:44:04,316 - INFO - ✓ Monte Carlo model training completed
2025-06-16 21:44:04,331 - INFO - Training ContrastiveLearningModel...
2025-06-16 21:44:04,450 - INFO - Starting contrastive pretraining...
2025-06-16 21:44:04,563 - ERROR - ✗ Contrastive learning training failed: module 'keras.ops' has no attribute 'l2_normalize'
2025-06-16 21:44:04,563 - ERROR - Traceback: Traceback (most recent call last):
  File "C:\Users\srabani\Desktop\goesflareenv\solar_flare_analysis\enhanced_train_production.py", line 617, in _train_enhanced_models_with_xrs
    pretrain_history = contrastive.pretrain(X_train, epochs=3, batch_size=16)
                       ^^^^^^^^^^^^^^^^^^^^^^^^^^^^^^^^^^^^^^^^^^^^^^^^^^^^^^
  File "C:\Users\srabani\Desktop\goesflareenv\solar_flare_analysis\src\ml_models\self_supervised_models.py", line 198, in pretrain
    self.build_contrastive_model()
  File "C:\Users\srabani\Desktop\goesflareenv\solar_flare_analysis\src\ml_models\self_supervised_models.py", line 186, in build_contrastive_model
    model.add_loss(self.contrastive_loss(projections_1, projections_2))
                   ^^^^^^^^^^^^^^^^^^^^^^^^^^^^^^^^^^^^^^^^^^^^^^^^^^^
  File "C:\Users\srabani\Desktop\goesflareenv\solar_flare_analysis\src\ml_models\self_supervised_models.py", line 136, in contrastive_loss
    projections_1 = keras.ops.l2_normalize(projections_1, axis=1)
                    ^^^^^^^^^^^^^^^^^^^^^^
AttributeError: module 'keras.ops' has no attribute 'l2_normalize'. Did you mean: 'normalize'?

2025-06-16 21:44:04,575 - INFO - Creating enhanced visualizations...
2025-06-16 21:44:07,973 - INFO - ✓ Enhanced visualizations saved to enhanced_output
2025-06-16 21:44:08,049 - INFO - ✓ Training metadata saved to enhanced_output\enhanced_training_metadata.json
2025-06-16 21:48:53,646 - INFO - ============================================================
2025-06-16 21:48:53,647 - INFO - Enhanced XRS Data Training Pipeline
2025-06-16 21:48:53,647 - INFO - ============================================================
2025-06-16 21:48:53,648 - INFO - Step 1: Loading and processing XRS data...
2025-06-16 21:48:53,649 - INFO - Enhanced XRS data loading from: solar_flare_analysis\data\XRS
2025-06-16 21:48:53,650 - ERROR - Data directory does not exist: solar_flare_analysis\data\XRS
2025-06-16 21:48:53,650 - WARNING - No XRS data loaded. Using synthetic data for demonstration...
2025-06-16 21:48:53,653 - INFO - Generating synthetic XRS data for training...
2025-06-16 21:48:53,931 - INFO - Generated 2000 synthetic sequences, 387 with flares
2025-06-16 21:48:53,931 - INFO - Synthetic training data: (1600, 128, 2), Validation data: (400, 128, 2)
2025-06-16 21:48:53,931 - INFO - Flare ratio - Train: 0.194, Val: 0.193
2025-06-16 21:49:04,394 - WARNING - From C:\Users\srabani\Desktop\goesflareenv\.venv\Lib\site-packages\tf_keras\src\losses.py:2976: The name tf.losses.sparse_softmax_cross_entropy is deprecated. Please use tf.compat.v1.losses.sparse_softmax_cross_entropy instead.

2025-06-16 21:49:07,207 - WARNING - From C:\Users\srabani\Desktop\goesflareenv\.venv\Lib\site-packages\tensorflow_probability\python\internal\backend\numpy\_utils.py:48: The name tf.logging.TaskLevelStatusMessage is deprecated. Please use tf.compat.v1.logging.TaskLevelStatusMessage instead.

2025-06-16 21:49:16,268 - WARNING - From C:\Users\srabani\Desktop\goesflareenv\.venv\Lib\site-packages\tensorflow_probability\python\internal\backend\numpy\_utils.py:48: The name tf.control_flow_v2_enabled is deprecated. Please use tf.compat.v1.control_flow_v2_enabled instead.

2025-06-16 21:49:17,758 - INFO - ✓ Successfully imported enhanced models
2025-06-16 21:49:17,773 - INFO - Training TransformerFlareModel...
2025-06-16 21:49:41,170 - WARNING - You are saving your model as an HDF5 file via `model.save()` or `keras.saving.save_model(model)`. This file format is considered legacy. We recommend using instead the native Keras format, e.g. `model.save('my_model.keras')` or `keras.saving.save_model(model, 'my_model.keras')`. 
2025-06-16 21:49:52,242 - WARNING - You are saving your model as an HDF5 file via `model.save()` or `keras.saving.save_model(model)`. This file format is considered legacy. We recommend using instead the native Keras format, e.g. `model.save('my_model.keras')` or `keras.saving.save_model(model, 'my_model.keras')`. 
2025-06-16 21:50:13,764 - WARNING - You are saving your model as an HDF5 file via `model.save()` or `keras.saving.save_model(model)`. This file format is considered legacy. We recommend using instead the native Keras format, e.g. `model.save('my_model.keras')` or `keras.saving.save_model(model, 'my_model.keras')`. 
2025-06-16 21:50:24,796 - INFO - ✓ Transformer model training completed
2025-06-16 21:50:24,796 - INFO - Training ConvolutionalTransformerModel...
2025-06-16 21:51:56,287 - INFO - ✓ Convolutional Transformer training completed
2025-06-16 21:51:56,287 - INFO - Training MonteCarloSolarFlareModel...
2025-06-16 21:51:56,287 - INFO - Building Monte Carlo Solar Flare ML Model
2025-06-16 21:51:56,519 - INFO - Model built successfully: 137380 parameters
2025-06-16 21:54:46,406 - INFO - ✓ Monte Carlo model training completed
2025-06-16 21:54:46,406 - INFO - Training ContrastiveLearningModel...
2025-06-16 21:54:46,538 - INFO - Starting contrastive pretraining...
2025-06-16 21:54:46,640 - ERROR - ✗ Contrastive learning training failed: Arguments `num_rows` and `num_columns` must be positive integer values. Received: num_rows=None, num_columns=None
2025-06-16 21:54:46,668 - ERROR - Traceback: Traceback (most recent call last):
  File "C:\Users\srabani\Desktop\goesflareenv\solar_flare_analysis\enhanced_train_production.py", line 617, in _train_enhanced_models_with_xrs
    pretrain_history = contrastive.pretrain(X_train, epochs=3, batch_size=16)
                       ^^^^^^^^^^^^^^^^^^^^^^^^^^^^^^^^^^^^^^^^^^^^^^^^^^^^^^
  File "C:\Users\srabani\Desktop\goesflareenv\solar_flare_analysis\src\ml_models\self_supervised_models.py", line 197, in pretrain
    self.build_contrastive_model()
  File "C:\Users\srabani\Desktop\goesflareenv\solar_flare_analysis\src\ml_models\self_supervised_models.py", line 185, in build_contrastive_model
    model.add_loss(self.contrastive_loss(projections_1, projections_2))
                   ^^^^^^^^^^^^^^^^^^^^^^^^^^^^^^^^^^^^^^^^^^^^^^^^^^^
  File "C:\Users\srabani\Desktop\goesflareenv\solar_flare_analysis\src\ml_models\self_supervised_models.py", line 146, in contrastive_loss
    eye_matrix = keras.ops.eye(batch_size, dtype='float32')
                 ^^^^^^^^^^^^^^^^^^^^^^^^^^^^^^^^^^^^^^^^^^
  File "C:\Users\srabani\Desktop\goesflareenv\.venv\Lib\site-packages\keras\src\ops\numpy.py", line 6761, in eye
    return backend.numpy.eye(N, M=M, k=k, dtype=dtype)
           ^^^^^^^^^^^^^^^^^^^^^^^^^^^^^^^^^^^^^^^^^^^
  File "C:\Users\srabani\Desktop\goesflareenv\.venv\Lib\site-packages\keras\src\backend\tensorflow\numpy.py", line 2746, in eye
    return tf.eye(N, M, dtype=dtype)
           ^^^^^^^^^^^^^^^^^^^^^^^^^
  File "C:\Users\srabani\Desktop\goesflareenv\.venv\Lib\site-packages\tensorflow\python\util\traceback_utils.py", line 153, in error_handler
    raise e.with_traceback(filtered_tb) from None
  File "C:\Users\srabani\Desktop\goesflareenv\.venv\Lib\site-packages\tensorflow\python\ops\linalg_ops_impl.py", line 53, in eye
    raise TypeError(
TypeError: Arguments `num_rows` and `num_columns` must be positive integer values. Received: num_rows=None, num_columns=None

2025-06-16 21:54:46,668 - INFO - Creating enhanced visualizations...
2025-06-16 21:54:50,287 - INFO - ✓ Enhanced visualizations saved to enhanced_output
2025-06-16 21:54:50,298 - INFO - ✓ Training metadata saved to enhanced_output\enhanced_training_metadata.json
2025-06-16 21:58:38,651 - INFO - ============================================================
2025-06-16 21:58:38,651 - INFO - Enhanced XRS Data Training Pipeline
2025-06-16 21:58:38,651 - INFO - ============================================================
2025-06-16 21:58:38,651 - INFO - Step 1: Loading and processing XRS data...
2025-06-16 21:58:38,651 - INFO - Enhanced XRS data loading from: solar_flare_analysis\data\XRS
2025-06-16 21:58:38,651 - ERROR - Data directory does not exist: solar_flare_analysis\data\XRS
2025-06-16 21:58:38,651 - WARNING - No XRS data loaded. Using synthetic data for demonstration...
2025-06-16 21:58:38,651 - INFO - Generating synthetic XRS data for training...
2025-06-16 21:58:38,930 - INFO - Generated 2000 synthetic sequences, 396 with flares
2025-06-16 21:58:38,930 - INFO - Synthetic training data: (1600, 128, 2), Validation data: (400, 128, 2)
2025-06-16 21:58:38,930 - INFO - Flare ratio - Train: 0.198, Val: 0.198
2025-06-16 21:58:50,612 - WARNING - From C:\Users\srabani\Desktop\goesflareenv\.venv\Lib\site-packages\tf_keras\src\losses.py:2976: The name tf.losses.sparse_softmax_cross_entropy is deprecated. Please use tf.compat.v1.losses.sparse_softmax_cross_entropy instead.

2025-06-16 21:58:54,101 - WARNING - From C:\Users\srabani\Desktop\goesflareenv\.venv\Lib\site-packages\tensorflow_probability\python\internal\backend\numpy\_utils.py:48: The name tf.logging.TaskLevelStatusMessage is deprecated. Please use tf.compat.v1.logging.TaskLevelStatusMessage instead.

2025-06-16 21:59:03,418 - WARNING - From C:\Users\srabani\Desktop\goesflareenv\.venv\Lib\site-packages\tensorflow_probability\python\internal\backend\numpy\_utils.py:48: The name tf.control_flow_v2_enabled is deprecated. Please use tf.compat.v1.control_flow_v2_enabled instead.

2025-06-16 21:59:05,021 - INFO - ✓ Successfully imported enhanced models
2025-06-16 21:59:05,036 - INFO - Training TransformerFlareModel...
2025-06-16 21:59:27,897 - WARNING - You are saving your model as an HDF5 file via `model.save()` or `keras.saving.save_model(model)`. This file format is considered legacy. We recommend using instead the native Keras format, e.g. `model.save('my_model.keras')` or `keras.saving.save_model(model, 'my_model.keras')`. 
2025-06-16 21:59:38,827 - WARNING - You are saving your model as an HDF5 file via `model.save()` or `keras.saving.save_model(model)`. This file format is considered legacy. We recommend using instead the native Keras format, e.g. `model.save('my_model.keras')` or `keras.saving.save_model(model, 'my_model.keras')`. 
2025-06-16 21:59:49,897 - WARNING - You are saving your model as an HDF5 file via `model.save()` or `keras.saving.save_model(model)`. This file format is considered legacy. We recommend using instead the native Keras format, e.g. `model.save('my_model.keras')` or `keras.saving.save_model(model, 'my_model.keras')`. 
2025-06-16 22:00:20,812 - WARNING - You are saving your model as an HDF5 file via `model.save()` or `keras.saving.save_model(model)`. This file format is considered legacy. We recommend using instead the native Keras format, e.g. `model.save('my_model.keras')` or `keras.saving.save_model(model, 'my_model.keras')`. 
2025-06-16 22:00:21,039 - INFO - ✓ Transformer model training completed
2025-06-16 22:00:21,039 - INFO - Training ConvolutionalTransformerModel...
2025-06-16 22:01:44,957 - INFO - ✓ Convolutional Transformer training completed
2025-06-16 22:01:44,957 - INFO - Training MonteCarloSolarFlareModel...
2025-06-16 22:01:44,958 - INFO - Building Monte Carlo Solar Flare ML Model
2025-06-16 22:01:45,180 - INFO - Model built successfully: 137380 parameters
2025-06-16 22:04:23,166 - INFO - ✓ Monte Carlo model training completed
2025-06-16 22:04:23,166 - INFO - Training ContrastiveLearningModel...
2025-06-16 22:04:23,311 - INFO - Starting contrastive pretraining...
2025-06-16 22:04:23,402 - ERROR - ✗ Contrastive learning training failed: Attempt to convert a value (None) with an unsupported type (<class 'NoneType'>) to a Tensor.
2025-06-16 22:04:23,417 - ERROR - Traceback: Traceback (most recent call last):
  File "C:\Users\srabani\Desktop\goesflareenv\solar_flare_analysis\enhanced_train_production.py", line 617, in _train_enhanced_models_with_xrs
    pretrain_history = contrastive.pretrain(X_train, epochs=3, batch_size=16)
                       ^^^^^^^^^^^^^^^^^^^^^^^^^^^^^^^^^^^^^^^^^^^^^^^^^^^^^^
  File "C:\Users\srabani\Desktop\goesflareenv\solar_flare_analysis\src\ml_models\self_supervised_models.py", line 195, in pretrain
    self.build_contrastive_model()
  File "C:\Users\srabani\Desktop\goesflareenv\solar_flare_analysis\src\ml_models\self_supervised_models.py", line 183, in build_contrastive_model
    model.add_loss(self.contrastive_loss(projections_1, projections_2))
                   ^^^^^^^^^^^^^^^^^^^^^^^^^^^^^^^^^^^^^^^^^^^^^^^^^^^
  File "C:\Users\srabani\Desktop\goesflareenv\solar_flare_analysis\src\ml_models\self_supervised_models.py", line 146, in contrastive_loss
    labels = tf.range(batch_size, dtype=tf.int32)
             ^^^^^^^^^^^^^^^^^^^^^^^^^^^^^^^^^^^^
  File "C:\Users\srabani\Desktop\goesflareenv\.venv\Lib\site-packages\tensorflow\python\util\traceback_utils.py", line 153, in error_handler
    raise e.with_traceback(filtered_tb) from None
  File "C:\Users\srabani\Desktop\goesflareenv\.venv\Lib\site-packages\tensorflow\python\framework\constant_op.py", line 108, in convert_to_eager_tensor
    return ops.EagerTensor(value, ctx.device_name, dtype)
           ^^^^^^^^^^^^^^^^^^^^^^^^^^^^^^^^^^^^^^^^^^^^^^
ValueError: Attempt to convert a value (None) with an unsupported type (<class 'NoneType'>) to a Tensor.

2025-06-16 22:04:23,423 - INFO - Creating enhanced visualizations...
2025-06-16 22:04:26,445 - INFO - ✓ Enhanced visualizations saved to enhanced_output
2025-06-16 22:04:26,449 - INFO - ✓ Training metadata saved to enhanced_output\enhanced_training_metadata.json
2025-06-16 22:07:05,442 - INFO - ============================================================
2025-06-16 22:07:05,442 - INFO - Enhanced XRS Data Training Pipeline
2025-06-16 22:07:05,442 - INFO - ============================================================
2025-06-16 22:07:05,442 - INFO - Step 1: Loading and processing XRS data...
2025-06-16 22:07:05,442 - INFO - Enhanced XRS data loading from: solar_flare_analysis\data\XRS
2025-06-16 22:07:05,442 - ERROR - Data directory does not exist: solar_flare_analysis\data\XRS
2025-06-16 22:07:05,442 - WARNING - No XRS data loaded. Using synthetic data for demonstration...
2025-06-16 22:07:05,457 - INFO - Generating synthetic XRS data for training...
2025-06-16 22:07:05,669 - INFO - Generated 2000 synthetic sequences, 408 with flares
2025-06-16 22:07:05,669 - INFO - Synthetic training data: (1600, 128, 2), Validation data: (400, 128, 2)
2025-06-16 22:07:05,669 - INFO - Flare ratio - Train: 0.204, Val: 0.205
2025-06-16 22:07:16,213 - WARNING - From C:\Users\srabani\Desktop\goesflareenv\.venv\Lib\site-packages\tf_keras\src\losses.py:2976: The name tf.losses.sparse_softmax_cross_entropy is deprecated. Please use tf.compat.v1.losses.sparse_softmax_cross_entropy instead.

2025-06-16 22:07:19,017 - WARNING - From C:\Users\srabani\Desktop\goesflareenv\.venv\Lib\site-packages\tensorflow_probability\python\internal\backend\numpy\_utils.py:48: The name tf.logging.TaskLevelStatusMessage is deprecated. Please use tf.compat.v1.logging.TaskLevelStatusMessage instead.

2025-06-16 22:07:28,133 - WARNING - From C:\Users\srabani\Desktop\goesflareenv\.venv\Lib\site-packages\tensorflow_probability\python\internal\backend\numpy\_utils.py:48: The name tf.control_flow_v2_enabled is deprecated. Please use tf.compat.v1.control_flow_v2_enabled instead.

2025-06-16 22:07:29,644 - INFO - ✓ Successfully imported enhanced models
2025-06-16 22:07:29,644 - INFO - Training TransformerFlareModel...
2025-06-16 22:07:54,010 - WARNING - You are saving your model as an HDF5 file via `model.save()` or `keras.saving.save_model(model)`. This file format is considered legacy. We recommend using instead the native Keras format, e.g. `model.save('my_model.keras')` or `keras.saving.save_model(model, 'my_model.keras')`. 
2025-06-16 22:08:05,225 - WARNING - You are saving your model as an HDF5 file via `model.save()` or `keras.saving.save_model(model)`. This file format is considered legacy. We recommend using instead the native Keras format, e.g. `model.save('my_model.keras')` or `keras.saving.save_model(model, 'my_model.keras')`. 
2025-06-16 22:08:37,541 - INFO - ✓ Transformer model training completed
2025-06-16 22:08:37,541 - INFO - Training ConvolutionalTransformerModel...
2025-06-16 22:10:01,532 - INFO - ✓ Convolutional Transformer training completed
2025-06-16 22:10:01,532 - INFO - Training MonteCarloSolarFlareModel...
2025-06-16 22:10:01,532 - INFO - Building Monte Carlo Solar Flare ML Model
2025-06-16 22:10:01,722 - INFO - Model built successfully: 137380 parameters
2025-06-16 22:13:03,985 - INFO - ✓ Monte Carlo model training completed
2025-06-16 22:13:03,985 - INFO - Training ContrastiveLearningModel...
2025-06-16 22:13:04,127 - INFO - Starting contrastive pretraining...
2025-06-16 22:13:04,222 - ERROR - ✗ Contrastive learning training failed: Arguments `num_rows` and `num_columns` must be positive integer values. Received: num_rows=None, num_columns=None
2025-06-16 22:13:04,237 - ERROR - Traceback: Traceback (most recent call last):
  File "C:\Users\srabani\Desktop\goesflareenv\solar_flare_analysis\enhanced_train_production.py", line 617, in _train_enhanced_models_with_xrs
    pretrain_history = contrastive.pretrain(X_train, epochs=3, batch_size=16)
                       ^^^^^^^^^^^^^^^^^^^^^^^^^^^^^^^^^^^^^^^^^^^^^^^^^^^^^^
  File "C:\Users\srabani\Desktop\goesflareenv\solar_flare_analysis\src\ml_models\self_supervised_models.py", line 214, in pretrain
    self.build_contrastive_model()
  File "C:\Users\srabani\Desktop\goesflareenv\solar_flare_analysis\src\ml_models\self_supervised_models.py", line 202, in build_contrastive_model
    model.add_loss(self.contrastive_loss(projections_1, projections_2))
                   ^^^^^^^^^^^^^^^^^^^^^^^^^^^^^^^^^^^^^^^^^^^^^^^^^^^
  File "C:\Users\srabani\Desktop\goesflareenv\solar_flare_analysis\src\ml_models\self_supervised_models.py", line 150, in contrastive_loss
    positive_mask = tf.cast(tf.eye(batch_size), dtype=tf.float32)
                            ^^^^^^^^^^^^^^^^^^
  File "C:\Users\srabani\Desktop\goesflareenv\.venv\Lib\site-packages\tensorflow\python\util\traceback_utils.py", line 153, in error_handler
    raise e.with_traceback(filtered_tb) from None
  File "C:\Users\srabani\Desktop\goesflareenv\.venv\Lib\site-packages\tensorflow\python\ops\linalg_ops_impl.py", line 53, in eye
    raise TypeError(
TypeError: Arguments `num_rows` and `num_columns` must be positive integer values. Received: num_rows=None, num_columns=None

2025-06-16 22:13:04,237 - INFO - Creating enhanced visualizations...
2025-06-16 22:13:07,611 - INFO - ✓ Enhanced visualizations saved to enhanced_output
2025-06-16 22:13:07,616 - INFO - ✓ Training metadata saved to enhanced_output\enhanced_training_metadata.json
2025-06-16 22:32:08,957 - INFO - ============================================================
2025-06-16 22:32:08,957 - INFO - Enhanced XRS Data Training Pipeline
2025-06-16 22:32:08,957 - INFO - ============================================================
2025-06-16 22:32:08,957 - INFO - Step 1: Loading and processing XRS data...
2025-06-16 22:32:08,957 - INFO - Enhanced XRS data loading from: solar_flare_analysis\data\XRS
2025-06-16 22:32:08,957 - ERROR - Data directory does not exist: solar_flare_analysis\data\XRS
2025-06-16 22:32:08,957 - WARNING - No XRS data loaded. Using synthetic data for demonstration...
2025-06-16 22:32:08,971 - INFO - Generating synthetic XRS data for training...
2025-06-16 22:32:09,173 - INFO - Generated 2000 synthetic sequences, 397 with flares
2025-06-16 22:32:09,173 - INFO - Synthetic training data: (1600, 128, 2), Validation data: (400, 128, 2)
2025-06-16 22:32:09,173 - INFO - Flare ratio - Train: 0.199, Val: 0.198
2025-06-16 22:32:19,712 - WARNING - From C:\Users\srabani\Desktop\goesflareenv\.venv\Lib\site-packages\tf_keras\src\losses.py:2976: The name tf.losses.sparse_softmax_cross_entropy is deprecated. Please use tf.compat.v1.losses.sparse_softmax_cross_entropy instead.

2025-06-16 22:32:22,670 - WARNING - From C:\Users\srabani\Desktop\goesflareenv\.venv\Lib\site-packages\tensorflow_probability\python\internal\backend\numpy\_utils.py:48: The name tf.logging.TaskLevelStatusMessage is deprecated. Please use tf.compat.v1.logging.TaskLevelStatusMessage instead.

2025-06-16 22:32:31,843 - WARNING - From C:\Users\srabani\Desktop\goesflareenv\.venv\Lib\site-packages\tensorflow_probability\python\internal\backend\numpy\_utils.py:48: The name tf.control_flow_v2_enabled is deprecated. Please use tf.compat.v1.control_flow_v2_enabled instead.

2025-06-16 22:32:33,427 - INFO - ✓ Successfully imported enhanced models
2025-06-16 22:32:33,427 - INFO - Training TransformerFlareModel...
2025-06-16 22:32:57,079 - WARNING - You are saving your model as an HDF5 file via `model.save()` or `keras.saving.save_model(model)`. This file format is considered legacy. We recommend using instead the native Keras format, e.g. `model.save('my_model.keras')` or `keras.saving.save_model(model, 'my_model.keras')`. 
2025-06-16 22:33:08,060 - WARNING - You are saving your model as an HDF5 file via `model.save()` or `keras.saving.save_model(model)`. This file format is considered legacy. We recommend using instead the native Keras format, e.g. `model.save('my_model.keras')` or `keras.saving.save_model(model, 'my_model.keras')`. 
2025-06-16 22:33:19,298 - WARNING - You are saving your model as an HDF5 file via `model.save()` or `keras.saving.save_model(model)`. This file format is considered legacy. We recommend using instead the native Keras format, e.g. `model.save('my_model.keras')` or `keras.saving.save_model(model, 'my_model.keras')`. 
2025-06-16 22:33:50,662 - WARNING - You are saving your model as an HDF5 file via `model.save()` or `keras.saving.save_model(model)`. This file format is considered legacy. We recommend using instead the native Keras format, e.g. `model.save('my_model.keras')` or `keras.saving.save_model(model, 'my_model.keras')`. 
2025-06-16 22:33:50,888 - INFO - ✓ Transformer model training completed
2025-06-16 22:33:50,888 - INFO - Training ConvolutionalTransformerModel...
2025-06-16 22:35:15,154 - INFO - ✓ Convolutional Transformer training completed
2025-06-16 22:35:15,154 - INFO - Training MonteCarloSolarFlareModel...
2025-06-16 22:35:15,154 - INFO - Building Monte Carlo Solar Flare ML Model
2025-06-16 22:35:15,346 - INFO - Model built successfully: 137380 parameters
2025-06-16 22:37:55,559 - INFO - ✓ Monte Carlo model training completed
2025-06-16 22:37:55,559 - INFO - Training ContrastiveLearningModel...
2025-06-16 22:37:55,696 - INFO - Starting contrastive pretraining...
2025-06-16 22:37:55,798 - ERROR - ✗ Contrastive learning training failed: Arguments `num_rows` and `num_columns` must be positive integer values. Received: num_rows=None, num_columns=None
2025-06-16 22:37:55,798 - ERROR - Traceback: Traceback (most recent call last):
  File "C:\Users\srabani\Desktop\goesflareenv\solar_flare_analysis\enhanced_train_production.py", line 617, in _train_enhanced_models_with_xrs
    pretrain_history = contrastive.pretrain(X_train, epochs=3, batch_size=16)
                       ^^^^^^^^^^^^^^^^^^^^^^^^^^^^^^^^^^^^^^^^^^^^^^^^^^^^^^
  File "C:\Users\srabani\Desktop\goesflareenv\solar_flare_analysis\src\ml_models\self_supervised_models.py", line 214, in pretrain
    self.build_contrastive_model()
  File "C:\Users\srabani\Desktop\goesflareenv\solar_flare_analysis\src\ml_models\self_supervised_models.py", line 202, in build_contrastive_model
    model.add_loss(self.contrastive_loss(projections_1, projections_2))
                   ^^^^^^^^^^^^^^^^^^^^^^^^^^^^^^^^^^^^^^^^^^^^^^^^^^^
  File "C:\Users\srabani\Desktop\goesflareenv\solar_flare_analysis\src\ml_models\self_supervised_models.py", line 150, in contrastive_loss
    positive_mask = tf.cast(tf.eye(batch_size), dtype=tf.float32)
                            ^^^^^^^^^^^^^^^^^^
  File "C:\Users\srabani\Desktop\goesflareenv\.venv\Lib\site-packages\tensorflow\python\util\traceback_utils.py", line 153, in error_handler
    raise e.with_traceback(filtered_tb) from None
  File "C:\Users\srabani\Desktop\goesflareenv\.venv\Lib\site-packages\tensorflow\python\ops\linalg_ops_impl.py", line 53, in eye
    raise TypeError(
TypeError: Arguments `num_rows` and `num_columns` must be positive integer values. Received: num_rows=None, num_columns=None

2025-06-16 22:37:55,813 - INFO - Creating enhanced visualizations...
2025-06-16 22:37:59,311 - INFO - ✓ Enhanced visualizations saved to enhanced_output
2025-06-16 22:37:59,318 - INFO - ✓ Training metadata saved to enhanced_output\enhanced_training_metadata.json
2025-06-16 22:47:12,194 - INFO - ============================================================
2025-06-16 22:47:12,194 - INFO - Enhanced XRS Data Training Pipeline
2025-06-16 22:47:12,194 - INFO - ============================================================
2025-06-16 22:47:12,194 - INFO - Step 1: Loading and processing XRS data...
2025-06-16 22:47:12,194 - INFO - Enhanced XRS data loading from: solar_flare_analysis\data\XRS
2025-06-16 22:47:12,194 - ERROR - Data directory does not exist: solar_flare_analysis\data\XRS
2025-06-16 22:47:12,194 - WARNING - No XRS data loaded. Using synthetic data for demonstration...
2025-06-16 22:47:12,194 - INFO - Generating synthetic XRS data for training...
2025-06-16 22:47:12,405 - INFO - Generated 2000 synthetic sequences, 436 with flares
2025-06-16 22:47:12,422 - INFO - Synthetic training data: (1600, 128, 2), Validation data: (400, 128, 2)
2025-06-16 22:47:12,422 - INFO - Flare ratio - Train: 0.218, Val: 0.217
2025-06-16 22:47:22,942 - WARNING - From C:\Users\srabani\Desktop\goesflareenv\.venv\Lib\site-packages\tf_keras\src\losses.py:2976: The name tf.losses.sparse_softmax_cross_entropy is deprecated. Please use tf.compat.v1.losses.sparse_softmax_cross_entropy instead.

2025-06-16 22:47:25,755 - WARNING - From C:\Users\srabani\Desktop\goesflareenv\.venv\Lib\site-packages\tensorflow_probability\python\internal\backend\numpy\_utils.py:48: The name tf.logging.TaskLevelStatusMessage is deprecated. Please use tf.compat.v1.logging.TaskLevelStatusMessage instead.

2025-06-16 22:47:34,883 - WARNING - From C:\Users\srabani\Desktop\goesflareenv\.venv\Lib\site-packages\tensorflow_probability\python\internal\backend\numpy\_utils.py:48: The name tf.control_flow_v2_enabled is deprecated. Please use tf.compat.v1.control_flow_v2_enabled instead.

2025-06-16 22:47:36,414 - INFO - ✓ Successfully imported enhanced models
2025-06-16 22:47:36,415 - INFO - Training TransformerFlareModel...
2025-06-16 22:48:00,879 - WARNING - You are saving your model as an HDF5 file via `model.save()` or `keras.saving.save_model(model)`. This file format is considered legacy. We recommend using instead the native Keras format, e.g. `model.save('my_model.keras')` or `keras.saving.save_model(model, 'my_model.keras')`. 
2025-06-16 22:48:11,918 - WARNING - You are saving your model as an HDF5 file via `model.save()` or `keras.saving.save_model(model)`. This file format is considered legacy. We recommend using instead the native Keras format, e.g. `model.save('my_model.keras')` or `keras.saving.save_model(model, 'my_model.keras')`. 
2025-06-16 22:48:23,138 - WARNING - You are saving your model as an HDF5 file via `model.save()` or `keras.saving.save_model(model)`. This file format is considered legacy. We recommend using instead the native Keras format, e.g. `model.save('my_model.keras')` or `keras.saving.save_model(model, 'my_model.keras')`. 
2025-06-16 22:48:34,374 - WARNING - You are saving your model as an HDF5 file via `model.save()` or `keras.saving.save_model(model)`. This file format is considered legacy. We recommend using instead the native Keras format, e.g. `model.save('my_model.keras')` or `keras.saving.save_model(model, 'my_model.keras')`. 
2025-06-16 22:48:46,505 - INFO - ✓ Transformer model training completed
2025-06-16 22:48:46,505 - INFO - Training ConvolutionalTransformerModel...
2025-06-16 22:50:02,125 - INFO - ✓ Convolutional Transformer training completed
2025-06-16 22:50:02,125 - INFO - Training MonteCarloSolarFlareModel...
2025-06-16 22:50:02,127 - INFO - Building Monte Carlo Solar Flare ML Model
2025-06-16 22:50:02,310 - INFO - Model built successfully: 137380 parameters
2025-06-16 22:52:54,905 - INFO - ✓ Monte Carlo model training completed
2025-06-16 22:52:54,905 - INFO - Training ContrastiveLearningModel...
2025-06-16 22:52:55,039 - INFO - Starting contrastive pretraining...
2025-06-16 22:52:55,142 - ERROR - ✗ Contrastive learning training failed: A KerasTensor cannot be used as input to a TensorFlow function. A KerasTensor is a symbolic placeholder for a shape and dtype, used when constructing Keras Functional models or Keras Functions. You can only use it as input to a Keras layer or a Keras operation (from the namespaces `keras.layers` and `keras.ops`). You are likely doing something like:

```
x = Input(...)
...
tf_fn(x)  # Invalid.
```

What you should do instead is wrap `tf_fn` in a layer:

```
class MyLayer(Layer):
    def call(self, x):
        return tf_fn(x)

x = MyLayer()(x)
```

2025-06-16 22:52:55,157 - ERROR - Traceback: Traceback (most recent call last):
  File "C:\Users\srabani\Desktop\goesflareenv\solar_flare_analysis\enhanced_train_production.py", line 617, in _train_enhanced_models_with_xrs
    pretrain_history = contrastive.pretrain(X_train, epochs=3, batch_size=16)
                       ^^^^^^^^^^^^^^^^^^^^^^^^^^^^^^^^^^^^^^^^^^^^^^^^^^^^^^
  File "C:\Users\srabani\Desktop\goesflareenv\solar_flare_analysis\src\ml_models\self_supervised_models.py", line 211, in pretrain
    self.build_contrastive_model()
  File "C:\Users\srabani\Desktop\goesflareenv\solar_flare_analysis\src\ml_models\self_supervised_models.py", line 199, in build_contrastive_model
    model.add_loss(self.contrastive_loss(projections_1, projections_2))
                   ^^^^^^^^^^^^^^^^^^^^^^^^^^^^^^^^^^^^^^^^^^^^^^^^^^^
  File "C:\Users\srabani\Desktop\goesflareenv\solar_flare_analysis\src\ml_models\self_supervised_models.py", line 138, in contrastive_loss
    projections_1 = tf.nn.l2_normalize(projections_1, axis=1)
                    ^^^^^^^^^^^^^^^^^^^^^^^^^^^^^^^^^^^^^^^^^
  File "C:\Users\srabani\Desktop\goesflareenv\.venv\Lib\site-packages\tensorflow\python\util\traceback_utils.py", line 153, in error_handler
    raise e.with_traceback(filtered_tb) from None
  File "C:\Users\srabani\Desktop\goesflareenv\.venv\Lib\site-packages\keras\src\backend\common\keras_tensor.py", line 156, in __tf_tensor__
    raise ValueError(
ValueError: A KerasTensor cannot be used as input to a TensorFlow function. A KerasTensor is a symbolic placeholder for a shape and dtype, used when constructing Keras Functional models or Keras Functions. You can only use it as input to a Keras layer or a Keras operation (from the namespaces `keras.layers` and `keras.ops`). You are likely doing something like:

```
x = Input(...)
...
tf_fn(x)  # Invalid.
```

What you should do instead is wrap `tf_fn` in a layer:

```
class MyLayer(Layer):
    def call(self, x):
        return tf_fn(x)

x = MyLayer()(x)
```


2025-06-16 22:52:55,162 - INFO - Creating enhanced visualizations...
2025-06-16 22:52:59,805 - INFO - ✓ Enhanced visualizations saved to enhanced_output
2025-06-16 22:52:59,810 - INFO - ✓ Training metadata saved to enhanced_output\enhanced_training_metadata.json
2025-06-16 23:05:16,507 - INFO - ============================================================
2025-06-16 23:05:16,507 - INFO - Enhanced XRS Data Training Pipeline
2025-06-16 23:05:16,507 - INFO - ============================================================
2025-06-16 23:05:16,507 - INFO - Step 1: Loading and processing XRS data...
2025-06-16 23:05:16,507 - INFO - Enhanced XRS data loading from: solar_flare_analysis\data\XRS
2025-06-16 23:05:16,507 - ERROR - Data directory does not exist: solar_flare_analysis\data\XRS
2025-06-16 23:05:16,507 - WARNING - No XRS data loaded. Using synthetic data for demonstration...
2025-06-16 23:05:16,507 - INFO - Generating synthetic XRS data for training...
2025-06-16 23:05:16,706 - INFO - Generated 2000 synthetic sequences, 409 with flares
2025-06-16 23:05:16,721 - INFO - Synthetic training data: (1600, 128, 2), Validation data: (400, 128, 2)
2025-06-16 23:05:16,721 - INFO - Flare ratio - Train: 0.204, Val: 0.205
2025-06-16 23:05:27,329 - WARNING - From C:\Users\srabani\Desktop\goesflareenv\.venv\Lib\site-packages\tf_keras\src\losses.py:2976: The name tf.losses.sparse_softmax_cross_entropy is deprecated. Please use tf.compat.v1.losses.sparse_softmax_cross_entropy instead.

2025-06-16 23:05:30,151 - WARNING - From C:\Users\srabani\Desktop\goesflareenv\.venv\Lib\site-packages\tensorflow_probability\python\internal\backend\numpy\_utils.py:48: The name tf.logging.TaskLevelStatusMessage is deprecated. Please use tf.compat.v1.logging.TaskLevelStatusMessage instead.

2025-06-16 23:05:39,354 - WARNING - From C:\Users\srabani\Desktop\goesflareenv\.venv\Lib\site-packages\tensorflow_probability\python\internal\backend\numpy\_utils.py:48: The name tf.control_flow_v2_enabled is deprecated. Please use tf.compat.v1.control_flow_v2_enabled instead.

2025-06-16 23:05:41,097 - INFO - ✓ Successfully imported enhanced models
2025-06-16 23:05:41,097 - INFO - Training TransformerFlareModel...
2025-06-16 23:06:08,334 - WARNING - You are saving your model as an HDF5 file via `model.save()` or `keras.saving.save_model(model)`. This file format is considered legacy. We recommend using instead the native Keras format, e.g. `model.save('my_model.keras')` or `keras.saving.save_model(model, 'my_model.keras')`. 
2025-06-16 23:06:19,599 - WARNING - You are saving your model as an HDF5 file via `model.save()` or `keras.saving.save_model(model)`. This file format is considered legacy. We recommend using instead the native Keras format, e.g. `model.save('my_model.keras')` or `keras.saving.save_model(model, 'my_model.keras')`. 
2025-06-16 23:06:53,094 - WARNING - You are saving your model as an HDF5 file via `model.save()` or `keras.saving.save_model(model)`. This file format is considered legacy. We recommend using instead the native Keras format, e.g. `model.save('my_model.keras')` or `keras.saving.save_model(model, 'my_model.keras')`. 
2025-06-16 23:06:53,310 - INFO - ✓ Transformer model training completed
2025-06-16 23:06:53,310 - INFO - Training ConvolutionalTransformerModel...
2025-06-16 23:08:17,150 - INFO - ✓ Convolutional Transformer training completed
2025-06-16 23:08:17,151 - INFO - Training MonteCarloSolarFlareModel...
2025-06-16 23:08:17,151 - INFO - Building Monte Carlo Solar Flare ML Model
2025-06-16 23:08:17,341 - INFO - Model built successfully: 137380 parameters
2025-06-16 23:10:54,285 - INFO - ✓ Monte Carlo model training completed
2025-06-16 23:10:54,285 - INFO - Training ContrastiveLearningModel...
2025-06-16 23:10:54,427 - INFO - Starting contrastive pretraining...
2025-06-16 23:10:54,588 - ERROR - ✗ Contrastive learning training failed: The name "noise_aug" is used 2 times in the model. All operation names should be unique.
2025-06-16 23:10:54,660 - ERROR - Traceback: Traceback (most recent call last):
  File "C:\Users\srabani\Desktop\goesflareenv\solar_flare_analysis\enhanced_train_production.py", line 617, in _train_enhanced_models_with_xrs
    pretrain_history = contrastive.pretrain(X_train, epochs=3, batch_size=16)
                       ^^^^^^^^^^^^^^^^^^^^^^^^^^^^^^^^^^^^^^^^^^^^^^^^^^^^^^
  File "C:\Users\srabani\Desktop\goesflareenv\solar_flare_analysis\src\ml_models\self_supervised_models.py", line 253, in pretrain
    self.build_contrastive_model()
  File "C:\Users\srabani\Desktop\goesflareenv\solar_flare_analysis\src\ml_models\self_supervised_models.py", line 242, in build_contrastive_model
    model = keras.Model(inputs, outputs)
            ^^^^^^^^^^^^^^^^^^^^^^^^^^^^
  File "C:\Users\srabani\Desktop\goesflareenv\.venv\Lib\site-packages\keras\src\utils\tracking.py", line 26, in wrapper
    return fn(*args, **kwargs)
           ^^^^^^^^^^^^^^^^^^^
  File "C:\Users\srabani\Desktop\goesflareenv\.venv\Lib\site-packages\keras\src\models\functional.py", line 136, in __init__
    Function.__init__(self, inputs, outputs, name=name)
  File "C:\Users\srabani\Desktop\goesflareenv\.venv\Lib\site-packages\keras\src\ops\function.py", line 77, in __init__
    (nodes, nodes_by_depth, operations, operations_by_depth) = map_graph(
                                                               ^^^^^^^^^^
  File "C:\Users\srabani\Desktop\goesflareenv\.venv\Lib\site-packages\keras\src\ops\function.py", line 335, in map_graph
    raise ValueError(
ValueError: The name "noise_aug" is used 2 times in the model. All operation names should be unique.

2025-06-16 23:10:54,660 - INFO - Creating enhanced visualizations...
2025-06-16 23:10:58,481 - INFO - ✓ Enhanced visualizations saved to enhanced_output
2025-06-16 23:10:58,485 - INFO - ✓ Training metadata saved to enhanced_output\enhanced_training_metadata.json
2025-06-16 23:13:55,905 - INFO - ============================================================
2025-06-16 23:13:55,905 - INFO - Enhanced XRS Data Training Pipeline
2025-06-16 23:13:55,905 - INFO - ============================================================
2025-06-16 23:13:55,905 - INFO - Step 1: Loading and processing XRS data...
2025-06-16 23:13:55,905 - INFO - Enhanced XRS data loading from: solar_flare_analysis\data\XRS
2025-06-16 23:13:55,905 - ERROR - Data directory does not exist: solar_flare_analysis\data\XRS
2025-06-16 23:13:55,905 - WARNING - No XRS data loaded. Using synthetic data for demonstration...
2025-06-16 23:13:55,905 - INFO - Generating synthetic XRS data for training...
2025-06-16 23:13:56,104 - INFO - Generated 2000 synthetic sequences, 426 with flares
2025-06-16 23:13:56,119 - INFO - Synthetic training data: (1600, 128, 2), Validation data: (400, 128, 2)
2025-06-16 23:13:56,119 - INFO - Flare ratio - Train: 0.213, Val: 0.212
2025-06-16 23:14:05,523 - WARNING - From C:\Users\srabani\Desktop\goesflareenv\.venv\Lib\site-packages\tf_keras\src\losses.py:2976: The name tf.losses.sparse_softmax_cross_entropy is deprecated. Please use tf.compat.v1.losses.sparse_softmax_cross_entropy instead.

2025-06-16 23:14:08,081 - WARNING - From C:\Users\srabani\Desktop\goesflareenv\.venv\Lib\site-packages\tensorflow_probability\python\internal\backend\numpy\_utils.py:48: The name tf.logging.TaskLevelStatusMessage is deprecated. Please use tf.compat.v1.logging.TaskLevelStatusMessage instead.

2025-06-16 23:14:16,617 - WARNING - From C:\Users\srabani\Desktop\goesflareenv\.venv\Lib\site-packages\tensorflow_probability\python\internal\backend\numpy\_utils.py:48: The name tf.control_flow_v2_enabled is deprecated. Please use tf.compat.v1.control_flow_v2_enabled instead.

2025-06-16 23:14:17,973 - INFO - ✓ Successfully imported enhanced models
2025-06-16 23:14:17,973 - INFO - Training TransformerFlareModel...
2025-06-16 23:14:39,688 - WARNING - You are saving your model as an HDF5 file via `model.save()` or `keras.saving.save_model(model)`. This file format is considered legacy. We recommend using instead the native Keras format, e.g. `model.save('my_model.keras')` or `keras.saving.save_model(model, 'my_model.keras')`. 
2025-06-16 23:14:50,366 - WARNING - You are saving your model as an HDF5 file via `model.save()` or `keras.saving.save_model(model)`. This file format is considered legacy. We recommend using instead the native Keras format, e.g. `model.save('my_model.keras')` or `keras.saving.save_model(model, 'my_model.keras')`. 
2025-06-16 23:15:00,524 - WARNING - You are saving your model as an HDF5 file via `model.save()` or `keras.saving.save_model(model)`. This file format is considered legacy. We recommend using instead the native Keras format, e.g. `model.save('my_model.keras')` or `keras.saving.save_model(model, 'my_model.keras')`. 
2025-06-16 23:15:20,891 - INFO - ✓ Transformer model training completed
2025-06-16 23:15:20,891 - INFO - Training ConvolutionalTransformerModel...
2025-06-16 23:16:30,993 - INFO - ✓ Convolutional Transformer training completed
2025-06-16 23:16:30,993 - INFO - Training MonteCarloSolarFlareModel...
2025-06-16 23:16:30,993 - INFO - Building Monte Carlo Solar Flare ML Model
2025-06-16 23:16:31,180 - INFO - Model built successfully: 137380 parameters
2025-06-16 23:19:11,531 - INFO - ✓ Monte Carlo model training completed
2025-06-16 23:19:11,531 - INFO - Training ContrastiveLearningModel...
2025-06-16 23:19:11,667 - INFO - Starting contrastive pretraining...
2025-06-16 23:19:11,811 - ERROR - ✗ Contrastive learning training failed: The name "noise_aug" is used 2 times in the model. All operation names should be unique.
2025-06-16 23:19:11,826 - ERROR - Traceback: Traceback (most recent call last):
  File "C:\Users\srabani\Desktop\goesflareenv\solar_flare_analysis\enhanced_train_production.py", line 617, in _train_enhanced_models_with_xrs
    pretrain_history = contrastive.pretrain(X_train, epochs=3, batch_size=16)
                       ^^^^^^^^^^^^^^^^^^^^^^^^^^^^^^^^^^^^^^^^^^^^^^^^^^^^^^
  File "C:\Users\srabani\Desktop\goesflareenv\solar_flare_analysis\src\ml_models\self_supervised_models.py", line 253, in pretrain
    self.build_contrastive_model()
  File "C:\Users\srabani\Desktop\goesflareenv\solar_flare_analysis\src\ml_models\self_supervised_models.py", line 242, in build_contrastive_model
    model = keras.Model(inputs, outputs)
            ^^^^^^^^^^^^^^^^^^^^^^^^^^^^
  File "C:\Users\srabani\Desktop\goesflareenv\.venv\Lib\site-packages\keras\src\utils\tracking.py", line 26, in wrapper
    return fn(*args, **kwargs)
           ^^^^^^^^^^^^^^^^^^^
  File "C:\Users\srabani\Desktop\goesflareenv\.venv\Lib\site-packages\keras\src\models\functional.py", line 136, in __init__
    Function.__init__(self, inputs, outputs, name=name)
  File "C:\Users\srabani\Desktop\goesflareenv\.venv\Lib\site-packages\keras\src\ops\function.py", line 77, in __init__
    (nodes, nodes_by_depth, operations, operations_by_depth) = map_graph(
                                                               ^^^^^^^^^^
  File "C:\Users\srabani\Desktop\goesflareenv\.venv\Lib\site-packages\keras\src\ops\function.py", line 335, in map_graph
    raise ValueError(
ValueError: The name "noise_aug" is used 2 times in the model. All operation names should be unique.

2025-06-16 23:19:11,834 - INFO - Creating enhanced visualizations...
2025-06-16 23:19:15,092 - INFO - ✓ Enhanced visualizations saved to enhanced_output
2025-06-16 23:19:15,103 - INFO - ✓ Training metadata saved to enhanced_output\enhanced_training_metadata.json
2025-06-16 23:21:52,040 - INFO - ============================================================
2025-06-16 23:21:52,040 - INFO - Enhanced XRS Data Training Pipeline
2025-06-16 23:21:52,041 - INFO - ============================================================
2025-06-16 23:21:52,042 - INFO - Step 1: Loading and processing XRS data...
2025-06-16 23:21:52,042 - INFO - Enhanced XRS data loading from: solar_flare_analysis\data\XRS
2025-06-16 23:21:52,043 - ERROR - Data directory does not exist: solar_flare_analysis\data\XRS
2025-06-16 23:21:52,043 - WARNING - No XRS data loaded. Using synthetic data for demonstration...
2025-06-16 23:21:52,044 - INFO - Generating synthetic XRS data for training...
2025-06-16 23:21:52,254 - INFO - Generated 2000 synthetic sequences, 391 with flares
2025-06-16 23:21:52,254 - INFO - Synthetic training data: (1600, 128, 2), Validation data: (400, 128, 2)
2025-06-16 23:21:52,254 - INFO - Flare ratio - Train: 0.196, Val: 0.195
2025-06-16 23:22:02,880 - WARNING - From C:\Users\srabani\Desktop\goesflareenv\.venv\Lib\site-packages\tf_keras\src\losses.py:2976: The name tf.losses.sparse_softmax_cross_entropy is deprecated. Please use tf.compat.v1.losses.sparse_softmax_cross_entropy instead.

2025-06-16 23:22:05,685 - WARNING - From C:\Users\srabani\Desktop\goesflareenv\.venv\Lib\site-packages\tensorflow_probability\python\internal\backend\numpy\_utils.py:48: The name tf.logging.TaskLevelStatusMessage is deprecated. Please use tf.compat.v1.logging.TaskLevelStatusMessage instead.

2025-06-16 23:22:14,801 - WARNING - From C:\Users\srabani\Desktop\goesflareenv\.venv\Lib\site-packages\tensorflow_probability\python\internal\backend\numpy\_utils.py:48: The name tf.control_flow_v2_enabled is deprecated. Please use tf.compat.v1.control_flow_v2_enabled instead.

2025-06-16 23:22:16,293 - INFO - ✓ Successfully imported enhanced models
2025-06-16 23:22:16,293 - INFO - Training TransformerFlareModel...
2025-06-16 23:22:39,636 - WARNING - You are saving your model as an HDF5 file via `model.save()` or `keras.saving.save_model(model)`. This file format is considered legacy. We recommend using instead the native Keras format, e.g. `model.save('my_model.keras')` or `keras.saving.save_model(model, 'my_model.keras')`. 
2025-06-16 23:23:12,653 - WARNING - You are saving your model as an HDF5 file via `model.save()` or `keras.saving.save_model(model)`. This file format is considered legacy. We recommend using instead the native Keras format, e.g. `model.save('my_model.keras')` or `keras.saving.save_model(model, 'my_model.keras')`. 
2025-06-16 23:23:23,697 - INFO - ✓ Transformer model training completed
2025-06-16 23:23:23,697 - INFO - Training ConvolutionalTransformerModel...
2025-06-16 23:24:39,179 - INFO - ✓ Convolutional Transformer training completed
2025-06-16 23:24:39,179 - INFO - Training MonteCarloSolarFlareModel...
2025-06-16 23:24:39,180 - INFO - Building Monte Carlo Solar Flare ML Model
2025-06-16 23:24:39,497 - INFO - Model built successfully: 137380 parameters
2025-06-16 23:27:18,680 - INFO - ✓ Monte Carlo model training completed
2025-06-16 23:27:18,680 - INFO - Training ContrastiveLearningModel...
2025-06-16 23:27:18,812 - INFO - Starting contrastive pretraining...
2025-06-16 23:27:38,417 - INFO - Starting fine-tuning...
2025-06-16 23:27:41,711 - WARNING - You are saving your model as an HDF5 file via `model.save()` or `keras.saving.save_model(model)`. This file format is considered legacy. We recommend using instead the native Keras format, e.g. `model.save('my_model.keras')` or `keras.saving.save_model(model, 'my_model.keras')`. 
2025-06-16 23:27:45,548 - INFO - ✓ Contrastive learning training completed
2025-06-16 23:27:45,549 - INFO - Creating enhanced visualizations...
2025-06-16 23:27:48,889 - INFO - ✓ Enhanced visualizations saved to enhanced_output
2025-06-16 23:27:48,898 - INFO - ✓ Training metadata saved to enhanced_output\enhanced_training_metadata.json
